Archive member included to satisfy reference by file (symbol)

C:\Users\jonat\Downloads\arm-gnu-toolchain-15.2.rel1-mingw-w64-x86_64-arm-none-eabi\arm-none-eabi\lib\thumb\v6-m\nofp\libnosys.a(errno.o)
                              newlib_stubs.o (errno)
C:\Users\jonat\Downloads\arm-gnu-toolchain-15.2.rel1-mingw-w64-x86_64-arm-none-eabi\lib\gcc\arm-none-eabi\15.2.1\thumb\v6-m\nofp\libgcc.a(_divsi3.o)
                              serial.o (__aeabi_idiv)
C:\Users\jonat\Downloads\arm-gnu-toolchain-15.2.rel1-mingw-w64-x86_64-arm-none-eabi\lib\gcc\arm-none-eabi\15.2.1\thumb\v6-m\nofp\libgcc.a(_dvmd_tls.o)
                              C:\Users\jonat\Downloads\arm-gnu-toolchain-15.2.rel1-mingw-w64-x86_64-arm-none-eabi\lib\gcc\arm-none-eabi\15.2.1\thumb\v6-m\nofp\libgcc.a(_divsi3.o) (__aeabi_idiv0)
C:\Users\jonat\Downloads\arm-gnu-toolchain-15.2.rel1-mingw-w64-x86_64-arm-none-eabi\arm-none-eabi\lib\thumb\v6-m\nofp\libc_nano.a(libc_a-nano-vfprintf_float.o)
                              (_printf_float)
C:\Users\jonat\Downloads\arm-gnu-toolchain-15.2.rel1-mingw-w64-x86_64-arm-none-eabi\arm-none-eabi\lib\thumb\v6-m\nofp\libc_nano.a(libc_a-nano-vfprintf_i.o)
                              C:\Users\jonat\Downloads\arm-gnu-toolchain-15.2.rel1-mingw-w64-x86_64-arm-none-eabi\arm-none-eabi\lib\thumb\v6-m\nofp\libc_nano.a(libc_a-nano-vfprintf_float.o) (_printf_common)
C:\Users\jonat\Downloads\arm-gnu-toolchain-15.2.rel1-mingw-w64-x86_64-arm-none-eabi\arm-none-eabi\lib\thumb\v6-m\nofp\libc_nano.a(libc_a-printf.o)
                              tof_sensors.o (printf)
C:\Users\jonat\Downloads\arm-gnu-toolchain-15.2.rel1-mingw-w64-x86_64-arm-none-eabi\arm-none-eabi\lib\thumb\v6-m\nofp\libc_nano.a(libc_a-localeconv.o)
                              C:\Users\jonat\Downloads\arm-gnu-toolchain-15.2.rel1-mingw-w64-x86_64-arm-none-eabi\arm-none-eabi\lib\thumb\v6-m\nofp\libc_nano.a(libc_a-nano-vfprintf_float.o) (_localeconv_r)
C:\Users\jonat\Downloads\arm-gnu-toolchain-15.2.rel1-mingw-w64-x86_64-arm-none-eabi\arm-none-eabi\lib\thumb\v6-m\nofp\libc_nano.a(libc_a-impure.o)
                              C:\Users\jonat\Downloads\arm-gnu-toolchain-15.2.rel1-mingw-w64-x86_64-arm-none-eabi\arm-none-eabi\lib\thumb\v6-m\nofp\libc_nano.a(libc_a-printf.o) (_impure_ptr)
C:\Users\jonat\Downloads\arm-gnu-toolchain-15.2.rel1-mingw-w64-x86_64-arm-none-eabi\arm-none-eabi\lib\thumb\v6-m\nofp\libc_nano.a(libc_a-memchr-stub.o)
                              C:\Users\jonat\Downloads\arm-gnu-toolchain-15.2.rel1-mingw-w64-x86_64-arm-none-eabi\arm-none-eabi\lib\thumb\v6-m\nofp\libc_nano.a(libc_a-nano-vfprintf_i.o) (memchr)
C:\Users\jonat\Downloads\arm-gnu-toolchain-15.2.rel1-mingw-w64-x86_64-arm-none-eabi\arm-none-eabi\lib\thumb\v6-m\nofp\libc_nano.a(libc_a-memcpy-stub.o)
                              main.o (memcpy)
C:\Users\jonat\Downloads\arm-gnu-toolchain-15.2.rel1-mingw-w64-x86_64-arm-none-eabi\arm-none-eabi\lib\thumb\v6-m\nofp\libc_nano.a(libc_a-strlen.o)
                              C:\Users\jonat\Downloads\arm-gnu-toolchain-15.2.rel1-mingw-w64-x86_64-arm-none-eabi\arm-none-eabi\lib\thumb\v6-m\nofp\libc_nano.a(libc_a-nano-vfprintf_float.o) (strlen)
C:\Users\jonat\Downloads\arm-gnu-toolchain-15.2.rel1-mingw-w64-x86_64-arm-none-eabi\arm-none-eabi\lib\thumb\v6-m\nofp\libc_nano.a(libc_a-dtoa.o)
                              C:\Users\jonat\Downloads\arm-gnu-toolchain-15.2.rel1-mingw-w64-x86_64-arm-none-eabi\arm-none-eabi\lib\thumb\v6-m\nofp\libc_nano.a(libc_a-nano-vfprintf_float.o) (_dtoa_r)
C:\Users\jonat\Downloads\arm-gnu-toolchain-15.2.rel1-mingw-w64-x86_64-arm-none-eabi\arm-none-eabi\lib\thumb\v6-m\nofp\libc_nano.a(libc_a-malloc.o)
                              C:\Users\jonat\Downloads\arm-gnu-toolchain-15.2.rel1-mingw-w64-x86_64-arm-none-eabi\arm-none-eabi\lib\thumb\v6-m\nofp\libc_nano.a(libc_a-dtoa.o) (malloc)
C:\Users\jonat\Downloads\arm-gnu-toolchain-15.2.rel1-mingw-w64-x86_64-arm-none-eabi\arm-none-eabi\lib\thumb\v6-m\nofp\libc_nano.a(libc_a-mallocr.o)
                              C:\Users\jonat\Downloads\arm-gnu-toolchain-15.2.rel1-mingw-w64-x86_64-arm-none-eabi\arm-none-eabi\lib\thumb\v6-m\nofp\libc_nano.a(libc_a-malloc.o) (_malloc_r)
C:\Users\jonat\Downloads\arm-gnu-toolchain-15.2.rel1-mingw-w64-x86_64-arm-none-eabi\arm-none-eabi\lib\thumb\v6-m\nofp\libc_nano.a(libc_a-mlock.o)
                              C:\Users\jonat\Downloads\arm-gnu-toolchain-15.2.rel1-mingw-w64-x86_64-arm-none-eabi\arm-none-eabi\lib\thumb\v6-m\nofp\libc_nano.a(libc_a-mallocr.o) (__malloc_lock)
C:\Users\jonat\Downloads\arm-gnu-toolchain-15.2.rel1-mingw-w64-x86_64-arm-none-eabi\arm-none-eabi\lib\thumb\v6-m\nofp\libc_nano.a(libc_a-mprec.o)
                              C:\Users\jonat\Downloads\arm-gnu-toolchain-15.2.rel1-mingw-w64-x86_64-arm-none-eabi\arm-none-eabi\lib\thumb\v6-m\nofp\libc_nano.a(libc_a-dtoa.o) (_Balloc)
C:\Users\jonat\Downloads\arm-gnu-toolchain-15.2.rel1-mingw-w64-x86_64-arm-none-eabi\arm-none-eabi\lib\thumb\v6-m\nofp\libc_nano.a(libc_a-nano-vfprintf.o)
[...]
Memory Configuration

Name             Origin             Length             Attributes
flash            0x08000000         0x00010000
ram              0x20000000         0x00002000
*default*        0x00000000         0xffffffff

Linker script and memory map

LOAD main.o
LOAD tof_sensors.o
LOAD startup.o
LOAD serial.o
LOAD newlib_stubs.o
LOAD C:\Users\jonat\Downloads\arm-gnu-toolchain-15.2.rel1-mingw-w64-x86_64-arm-none-eabi\arm-none-eabi\lib\thumb\v6-m\nofp\libnosys.a
LOAD C:\Users\jonat\Downloads\arm-gnu-toolchain-15.2.rel1-mingw-w64-x86_64-arm-none-eabi\lib\gcc\arm-none-eabi\15.2.1\thumb\v6-m\nofp\libgcc.a
START GROUP
LOAD C:\Users\jonat\Downloads\arm-gnu-toolchain-15.2.rel1-mingw-w64-x86_64-arm-none-eabi\lib\gcc\arm-none-eabi\15.2.1\thumb\v6-m\nofp\libgcc.a
LOAD C:\Users\jonat\Downloads\arm-gnu-toolchain-15.2.rel1-mingw-w64-x86_64-arm-none-eabi\arm-none-eabi\lib\thumb\v6-m\nofp\libc_nano.a
LOAD C:\Users\jonat\Downloads\arm-gnu-toolchain-15.2.rel1-mingw-w64-x86_64-arm-none-eabi\arm-none-eabi\lib\thumb\v6-m\nofp\libm.a
END GROUP

.text           0x08000000     0x9f8c
 *(.vectors)
 .vectors       0x08000000       0xb8 startup.o
                0x08000000                Vectors
 *(.after_vectors*)
 .after_vectors
                0x080000b8       0x28 startup.o
                0x080000b8                ResetInit
 *(.text*)
 .text          0x080000e0     0x226c main.o
                0x080000e0                SysTick_Handler
                0x080003e0                TIM2_Handler
                0x08002278                main
 .text          0x0800234c     0x1670 tof_sensors.o
                0x0800234c                waitms
                0x0800238c                gpio_pin_mode_output
                0x080023d0                gpio_write_low
                0x080023f2                gpio_write_high
                0x08002414                xshut_init
                0x08002460                xshut_low
                0x08002484                xshut_release
                0x080024a8                I2C_init
                0x08002778                vl53l0x_device_is_booted
                0x0800360a                vl53l0x_init_device
                0x08003684                vl53l0x_read_range_single_device
                0x08003898                tof_safety_stop
                0x080038dc                print_ref_registers
 .text          0x080039bc      0x1a8 startup.o
                0x08003a34                initClock
                0x08003b3c                EXTI2_3_Handler
                0x08003b3c                TIM21_Handler
                0x08003b3c                I2C1_Handler
                0x08003b3c                PendSV_Handler
                0x08003b3c                NMI_Handler
                0x08003b3c                WWDG_Handler
                0x08003b3c                RTC_Handler
                0x08003b3c                EXTI4_15_Handler
                0x08003b3c                DMA_CH4_5_6_7_Handler
                0x08003b3c                Default_Handler
                0x08003b3c                LPUART1_Handler
                0x08003b3c                FLASH_Handler
                0x08003b3c                EXTI0_1_Handler
                0x08003b3c                DMA_CH1_Handler
                0x08003b3c                SPI2_Handler
                0x08003b3c                DMA_CH2_3_Handler
                0x08003b3c                I2C2_Handler
                0x08003b3c                SVC_Handler
                0x08003b3c                LPTIM1_Handler
                0x08003b3c                USART2_Handler
                0x08003b3c                SPI1_Handler
                0x08003b3c                RCC_Handler
                0x08003b3c                PVD_Handler
                0x08003b3c                TIM6_Handler
                0x08003b3c                TIM22_Handler
                0x08003b3c                ADC_COMP_Handler
                0x08003b50                Hard_Fault_Handler
 .text          0x08003b64      0x5b4 serial.o
                0x08003b64                ReadCom
                0x08003bd8                WriteCom
                0x08003c78                initUART
                0x08003dc8                USART1_Handler
                0x08003df4                usart_rx
                0x08003e24                usart_tx
                0x08003e8c                PutBuf
                0x08003eee                GetBuf
                0x08003f44                GetBufCount
                0x08003f58                eputs
                0x08003f94                eputc
                0x08003fb2                egetc
                0x08003fcc                egets
                0x08004058                egetc_echo
                0x0800407e                egets_echo
 .text          0x08004118      0x29c newlib_stubs.o
                0x08004118                _exit
                0x08004122                _close
                0x08004136                _execve
                0x08004158                _fork
                0x08004170                _fstat
                0x0800418c                _getpid
                0x08004198                _kill
                0x080041b8                _link
                0x080041d8                _lseek
                0x080041ee                _stat
                0x0800420a                _times
                0x0800421e                _unlink
                0x0800423c                _wait
                0x0800425c                _isatty
                0x08004284                _sbrk
                0x080042e8                _read
                0x08004360                _write
 .text          0x080043b4        0x0 C:\Users\jonat\Downloads\arm-gnu-toolchain-15.2.rel1-mingw-w64-x86_64-arm-none-eabi\arm-none-eabi\lib\thumb\v6-m\nofp\libnosys.a(errno.o)
 .text          0x080043b4      0x1d4 C:\Users\jonat\Downloads\arm-gnu-toolchain-15.2.rel1-mingw-w64-x86_64-arm-none-eabi\lib\gcc\arm-none-eabi\15.2.1\thumb\v6-m\nofp\libgcc.a(_divsi3.o)
                0x080043b4                __divsi3
                0x080043b4                __aeabi_idiv
                0x08004580                __aeabi_idivmod
 .text          0x08004588        0x4 C:\Users\jonat\Downloads\arm-gnu-toolchain-15.2.rel1-mingw-w64-x86_64-arm-none-eabi\lib\gcc\arm-none-eabi\15.2.1\thumb\v6-m\nofp\libgcc.a(_dvmd_tls.o)
                0x08004588                __aeabi_idiv0
                0x08004588                __aeabi_ldiv0
 .text          0x0800458c        0x0 C:\Users\jonat\Downloads\arm-gnu-toolchain-15.2.rel1-mingw-w64-x86_64-arm-none-eabi\arm-none-eabi\lib\thumb\v6-m\nofp\libc_nano.a(libc_a-nano-vfprintf_float.o)
 .text.__cvt    0x0800458c       0xcc C:\Users\jonat\Downloads\arm-gnu-toolchain-15.2.rel1-mingw-w64-x86_64-arm-none-eabi\arm-none-eabi\lib\thumb\v6-m\nofp\libc_nano.a(libc_a-nano-vfprintf_float.o)
                0x0800458c                __cvt
 .text.__exponent
                0x08004658       0x82 C:\Users\jonat\Downloads\arm-gnu-toolchain-15.2.rel1-mingw-w64-x86_64-arm-none-eabi\arm-none-eabi\lib\thumb\v6-m\nofp\libc_nano.a(libc_a-nano-vfprintf_float.o)
                0x08004658                __exponent
 *fill*         0x080046da        0x2 
 .text._printf_float
                0x080046dc      0x458 C:\Users\jonat\Downloads\arm-gnu-toolchain-15.2.rel1-mingw-w64-x86_64-arm-none-eabi\arm-none-eabi\lib\thumb\v6-m\nofp\libc_nano.a(libc_a-nano-vfprintf_float.o)
                0x080046dc                _printf_float
 .text          0x08004b34        0x0 C:\Users\jonat\Downloads\arm-gnu-toolchain-15.2.rel1-mingw-w64-x86_64-arm-none-eabi\arm-none-eabi\lib\thumb\v6-m\nofp\libc_nano.a(libc_a-nano-vfprintf_i.o)
 .text._printf_common
                0x08004b34       0xde C:\Users\jonat\Downloads\arm-gnu-toolchain-15.2.rel1-mingw-w64-x86_64-arm-none-eabi\arm-none-eabi\lib\thumb\v6-m\nofp\libc_nano.a(libc_a-nano-vfprintf_i.o)
                0x08004b34                _printf_common
 *fill*         0x08004c12        0x2 
 .text._printf_i
                0x08004c14      0x214 C:\Users\jonat\Downloads\arm-gnu-toolchain-15.2.rel1-mingw-w64-x86_64-arm-none-eabi\arm-none-eabi\lib\thumb\v6-m\nofp\libc_nano.a(libc_a-nano-vfprintf_i.o)
                0x08004c14                _printf_i
 .text          0x08004e28        0x0 C:\Users\jonat\Downloads\arm-gnu-toolchain-15.2.rel1-mingw-w64-x86_64-arm-none-eabi\arm-none-eabi\lib\thumb\v6-m\nofp\libc_nano.a(libc_a-printf.o)
 .text._printf_r
                0x08004e28       0x18 C:\Users\jonat\Downloads\arm-gnu-toolchain-15.2.rel1-mingw-w64-x86_64-arm-none-eabi\arm-none-eabi\lib\thumb\v6-m\nofp\libc_nano.a(libc_a-printf.o)
                0x08004e28                _iprintf_r
                0x08004e28                _printf_r
 .text.printf   0x08004e40       0x20 C:\Users\jonat\Downloads\arm-gnu-toolchain-15.2.rel1-mingw-w64-x86_64-arm-none-eabi\arm-none-eabi\lib\thumb\v6-m\nofp\libc_nano.a(libc_a-printf.o)
                0x08004e40                iprintf
                0x08004e40                printf
 .text          0x08004e60        0x0 C:\Users\jonat\Downloads\arm-gnu-toolchain-15.2.rel1-mingw-w64-x86_64-arm-none-eabi\arm-none-eabi\lib\thumb\v6-m\nofp\libc_nano.a(libc_a-localeconv.o)
 .text.__localeconv_l
                0x08004e60        0x4 C:\Users\jonat\Downloads\arm-gnu-toolchain-15.2.rel1-mingw-w64-x86_64-arm-none-eabi\arm-none-eabi\lib\thumb\v6-m\nofp\libc_nano.a(libc_a-localeconv.o)
                0x08004e60                __localeconv_l
 .text._localeconv_r
                0x08004e64        0x8 C:\Users\jonat\Downloads\arm-gnu-toolchain-15.2.rel1-mingw-w64-x86_64-arm-none-eabi\arm-none-eabi\lib\thumb\v6-m\nofp\libc_nano.a(libc_a-localeconv.o)
                0x08004e64                _localeconv_r
 .text.localeconv
                0x08004e6c        0x8 C:\Users\jonat\Downloads\arm-gnu-toolchain-15.2.rel1-mingw-w64-x86_64-arm-none-eabi\arm-none-eabi\lib\thumb\v6-m\nofp\libc_nano.a(libc_a-localeconv.o)
                0x08004e6c                localeconv
 .text          0x08004e74        0x0 C:\Users\jonat\Downloads\arm-gnu-toolchain-15.2.rel1-mingw-w64-x86_64-arm-none-eabi\arm-none-eabi\lib\thumb\v6-m\nofp\libc_nano.a(libc_a-impure.o)
 .text          0x08004e74        0x0 C:\Users\jonat\Downloads\arm-gnu-toolchain-15.2.rel1-mingw-w64-x86_64-arm-none-eabi\arm-none-eabi\lib\thumb\v6-m\nofp\libc_nano.a(libc_a-memchr-stub.o)
 .text.memchr   0x08004e74       0x16 C:\Users\jonat\Downloads\arm-gnu-toolchain-15.2.rel1-mingw-w64-x86_64-arm-none-eabi\arm-none-eabi\lib\thumb\v6-m\nofp\libc_nano.a(libc_a-memchr-stub.o)
                0x08004e74                memchr
 .text          0x08004e8a        0x0 C:\Users\jonat\Downloads\arm-gnu-toolchain-15.2.rel1-mingw-w64-x86_64-arm-none-eabi\arm-none-eabi\lib\thumb\v6-m\nofp\libc_nano.a(libc_a-memcpy-stub.o)
 .text.memcpy   0x08004e8a       0x12 C:\Users\jonat\Downloads\arm-gnu-toolchain-15.2.rel1-mingw-w64-x86_64-arm-none-eabi\arm-none-eabi\lib\thumb\v6-m\nofp\libc_nano.a(libc_a-memcpy-stub.o)
                0x08004e8a                memcpy
 .text          0x08004e9c        0xe C:\Users\jonat\Downloads\arm-gnu-toolchain-15.2.rel1-mingw-w64-x86_64-arm-none-eabi\arm-none-eabi\lib\thumb\v6-m\nofp\libc_nano.a(libc_a-strlen.o)
                0x08004e9c                strlen
 .text          0x08004eaa        0x0 C:\Users\jonat\Downloads\arm-gnu-toolchain-15.2.rel1-mingw-w64-x86_64-arm-none-eabi\arm-none-eabi\lib\thumb\v6-m\nofp\libc_nano.a(libc_a-dtoa.o)
 .text.quorem   0x08004eaa      0x11c C:\Users\jonat\Downloads\arm-gnu-toolchain-15.2.rel1-mingw-w64-x86_64-arm-none-eabi\arm-none-eabi\lib\thumb\v6-m\nofp\libc_nano.a(libc_a-dtoa.o)
 *fill*         0x08004fc6        0x2 
 .text._dtoa_r  0x08004fc8      0xbc4 C:\Users\jonat\Downloads\arm-gnu-toolchain-15.2.rel1-mingw-w64-x86_64-arm-none-eabi\arm-none-eabi\lib\thumb\v6-m\nofp\libc_nano.a(libc_a-dtoa.o)
                0x08004fc8                _dtoa_r
 .text          0x08005b8c        0x0 C:\Users\jonat\Downloads\arm-gnu-toolchain-15.2.rel1-mingw-w64-x86_64-arm-none-eabi\arm-none-eabi\lib\thumb\v6-m\nofp\libc_nano.a(libc_a-malloc.o)
 .text.malloc   0x08005b8c       0x14 C:\Users\jonat\Downloads\arm-gnu-toolchain-15.2.rel1-mingw-w64-x86_64-arm-none-eabi\arm-none-eabi\lib\thumb\v6-m\nofp\libc_nano.a(libc_a-malloc.o)
                0x08005b8c                malloc
 .text.free     0x08005ba0       0x14 C:\Users\jonat\Downloads\arm-gnu-toolchain-15.2.rel1-mingw-w64-x86_64-arm-none-eabi\arm-none-eabi\lib\thumb\v6-m\nofp\libc_nano.a(libc_a-malloc.o)
                0x08005ba0                free
 .text          0x08005bb4        0x0 C:\Users\jonat\Downloads\arm-gnu-toolchain-15.2.rel1-mingw-w64-x86_64-arm-none-eabi\arm-none-eabi\lib\thumb\v6-m\nofp\libc_nano.a(libc_a-mallocr.o)
 .text.sbrk_aligned
                0x08005bb4       0x44 C:\Users\jonat\Downloads\arm-gnu-toolchain-15.2.rel1-mingw-w64-x86_64-arm-none-eabi\arm-none-eabi\lib\thumb\v6-m\nofp\libc_nano.a(libc_a-mallocr.o)
 .text._malloc_r
                0x08005bf8      0x100 C:\Users\jonat\Downloads\arm-gnu-toolchain-15.2.rel1-mingw-w64-x86_64-arm-none-eabi\arm-none-eabi\lib\thumb\v6-m\nofp\libc_nano.a(libc_a-mallocr.o)
                0x08005bf8                _malloc_r
 .text          0x08005cf8        0x0 C:\Users\jonat\Downloads\arm-gnu-toolchain-15.2.rel1-mingw-w64-x86_64-arm-none-eabi\arm-none-eabi\lib\thumb\v6-m\nofp\libc_nano.a(libc_a-mlock.o)
 .text.__malloc_lock
                0x08005cf8       0x10 C:\Users\jonat\Downloads\arm-gnu-toolchain-15.2.rel1-mingw-w64-x86_64-arm-none-eabi\arm-none-eabi\lib\thumb\v6-m\nofp\libc_nano.a(libc_a-mlock.o)
                0x08005cf8                __malloc_lock
 .text.__malloc_unlock
                0x08005d08       0x10 C:\Users\jonat\Downloads\arm-gnu-toolchain-15.2.rel1-mingw-w64-x86_64-arm-none-eabi\arm-none-eabi\lib\thumb\v6-m\nofp\libc_nano.a(libc_a-mlock.o)
                0x08005d08                __malloc_unlock
 .text          0x08005d18        0x0 C:\Users\jonat\Downloads\arm-gnu-toolchain-15.2.rel1-mingw-w64-x86_64-arm-none-eabi\arm-none-eabi\lib\thumb\v6-m\nofp\libc_nano.a(libc_a-mprec.o)
 .text._Balloc  0x08005d18       0x84 C:\Users\jonat\Downloads\arm-gnu-toolchain-15.2.rel1-mingw-w64-x86_64-arm-none-eabi\arm-none-eabi\lib\thumb\v6-m\nofp\libc_nano.a(libc_a-mprec.o)
                0x08005d18                _Balloc
 .text._Bfree   0x08005d9c       0x4c C:\Users\jonat\Downloads\arm-gnu-toolchain-15.2.rel1-mingw-w64-x86_64-arm-none-eabi\arm-none-eabi\lib\thumb\v6-m\nofp\libc_nano.a(libc_a-mprec.o)
                0x08005d9c                _Bfree
 .text.__multadd
                0x08005de8       0x88 C:\Users\jonat\Downloads\arm-gnu-toolchain-15.2.rel1-mingw-w64-x86_64-arm-none-eabi\arm-none-eabi\lib\thumb\v6-m\nofp\libc_nano.a(libc_a-mprec.o)
                0x08005de8                __multadd
 .text.__s2b    0x08005e70       0x98 C:\Users\jonat\Downloads\arm-gnu-toolchain-15.2.rel1-mingw-w64-x86_64-arm-none-eabi\arm-none-eabi\lib\thumb\v6-m\nofp\libc_nano.a(libc_a-mprec.o)
                0x08005e70                __s2b
 .text.__hi0bits
                0x08005f08       0x42 C:\Users\jonat\Downloads\arm-gnu-toolchain-15.2.rel1-mingw-w64-x86_64-arm-none-eabi\arm-none-eabi\lib\thumb\v6-m\nofp\libc_nano.a(libc_a-mprec.o)
                0x08005f08                __hi0bits
 .text.__lo0bits
                0x08005f4a       0x60 C:\Users\jonat\Downloads\arm-gnu-toolchain-15.2.rel1-mingw-w64-x86_64-arm-none-eabi\arm-none-eabi\lib\thumb\v6-m\nofp\libc_nano.a(libc_a-mprec.o)
                0x08005f4a                __lo0bits
 *fill*         0x08005faa        0x2 
 .text.__i2b    0x08005fac       0x2c C:\Users\jonat\Downloads\arm-gnu-toolchain-15.2.rel1-mingw-w64-x86_64-arm-none-eabi\arm-none-eabi\lib\thumb\v6-m\nofp\libc_nano.a(libc_a-mprec.o)
                0x08005fac                __i2b
 .text.__multiply
                0x08005fd8      0x174 C:\Users\jonat\Downloads\arm-gnu-toolchain-15.2.rel1-mingw-w64-x86_64-arm-none-eabi\arm-none-eabi\lib\thumb\v6-m\nofp\libc_nano.a(libc_a-mprec.o)
                0x08005fd8                __multiply
 .text.__pow5mult
                0x0800614c       0xc4 C:\Users\jonat\Downloads\arm-gnu-toolchain-15.2.rel1-mingw-w64-x86_64-arm-none-eabi\arm-none-eabi\lib\thumb\v6-m\nofp\libc_nano.a(libc_a-mprec.o)
                0x0800614c                __pow5mult
 .text.__lshift
                0x08006210       0xd8 C:\Users\jonat\Downloads\arm-gnu-toolchain-15.2.rel1-mingw-w64-x86_64-arm-none-eabi\arm-none-eabi\lib\thumb\v6-m\nofp\libc_nano.a(libc_a-mprec.o)
                0x08006210                __lshift
 .text.__mcmp   0x080062e8       0x34 C:\Users\jonat\Downloads\arm-gnu-toolchain-15.2.rel1-mingw-w64-x86_64-arm-none-eabi\arm-none-eabi\lib\thumb\v6-m\nofp\libc_nano.a(libc_a-mprec.o)
                0x080062e8                __mcmp
 .text.__mdiff  0x0800631c      0x144 C:\Users\jonat\Downloads\arm-gnu-toolchain-15.2.rel1-mingw-w64-x86_64-arm-none-eabi\arm-none-eabi\lib\thumb\v6-m\nofp\libc_nano.a(libc_a-mprec.o)
                0x0800631c                __mdiff
 .text.__ulp    0x08006460       0x40 C:\Users\jonat\Downloads\arm-gnu-toolchain-15.2.rel1-mingw-w64-x86_64-arm-none-eabi\arm-none-eabi\lib\thumb\v6-m\nofp\libc_nano.a(libc_a-mprec.o)
                0x08006460                __ulp
 .text.__b2d    0x080064a0       0x98 C:\Users\jonat\Downloads\arm-gnu-toolchain-15.2.rel1-mingw-w64-x86_64-arm-none-eabi\arm-none-eabi\lib\thumb\v6-m\nofp\libc_nano.a(libc_a-mprec.o)
                0x080064a0                __b2d
 .text.__d2b    0x08006538       0xc0 C:\Users\jonat\Downloads\arm-gnu-toolchain-15.2.rel1-mingw-w64-x86_64-arm-none-eabi\arm-none-eabi\lib\thumb\v6-m\nofp\libc_nano.a(libc_a-mprec.o)
                0x08006538                __d2b
 .text.__ratio  0x080065f8       0x52 C:\Users\jonat\Downloads\arm-gnu-toolchain-15.2.rel1-mingw-w64-x86_64-arm-none-eabi\arm-none-eabi\lib\thumb\v6-m\nofp\libc_nano.a(libc_a-mprec.o)
                0x080065f8                __ratio
 *fill*         0x0800664a        0x2 
 .text._mprec_log10
                0x0800664c       0x34 C:\Users\jonat\Downloads\arm-gnu-toolchain-15.2.rel1-mingw-w64-x86_64-arm-none-eabi\arm-none-eabi\lib\thumb\v6-m\nofp\libc_nano.a(libc_a-mprec.o)
                0x0800664c                _mprec_log10
 .text.__copybits
                0x08006680       0x42 C:\Users\jonat\Downloads\arm-gnu-toolchain-15.2.rel1-mingw-w64-x86_64-arm-none-eabi\arm-none-eabi\lib\thumb\v6-m\nofp\libc_nano.a(libc_a-mprec.o)
                0x08006680                __copybits
 .text.__any_on
                0x080066c2       0x46 C:\Users\jonat\Downloads\arm-gnu-toolchain-15.2.rel1-mingw-w64-x86_64-arm-none-eabi\arm-none-eabi\lib\thumb\v6-m\nofp\libc_nano.a(libc_a-mprec.o)
                0x080066c2                __any_on
 .text          0x08006708        0x0 C:\Users\jonat\Downloads\arm-gnu-toolchain-15.2.rel1-mingw-w64-x86_64-arm-none-eabi\arm-none-eabi\lib\thumb\v6-m\nofp\libc_nano.a(libc_a-nano-vfprintf.o)
 .text.__sfputc_r
                0x08006708       0x2a C:\Users\jonat\Downloads\arm-gnu-toolchain-15.2.rel1-mingw-w64-x86_64-arm-none-eabi\arm-none-eabi\lib\thumb\v6-m\nofp\libc_nano.a(libc_a-nano-vfprintf.o)
 .text.__sfputs_r
                0x08006732       0x24 C:\Users\jonat\Downloads\arm-gnu-toolchain-15.2.rel1-mingw-w64-x86_64-arm-none-eabi\arm-none-eabi\lib\thumb\v6-m\nofp\libc_nano.a(libc_a-nano-vfprintf.o)
                0x08006732                __sfputs_r
 .text.__sprint_r
                0x08006756       0x20 C:\Users\jonat\Downloads\arm-gnu-toolchain-15.2.rel1-mingw-w64-x86_64-arm-none-eabi\arm-none-eabi\lib\thumb\v6-m\nofp\libc_nano.a(libc_a-nano-vfprintf.o)
                0x08006756                __sprint_r
 *fill*         0x08006776        0x2 
 .text._vfprintf_r
                0x08006778      0x224 C:\Users\jonat\Downloads\arm-gnu-toolchain-15.2.rel1-mingw-w64-x86_64-arm-none-eabi\arm-none-eabi\lib\thumb\v6-m\nofp\libc_nano.a(libc_a-nano-vfprintf.o)
                0x08006778                _vfprintf_r
                0x08006778                _vfiprintf_r
 .text.vfprintf
                0x0800699c       0x18 C:\Users\jonat\Downloads\arm-gnu-toolchain-15.2.rel1-mingw-w64-x86_64-arm-none-eabi\arm-none-eabi\lib\thumb\v6-m\nofp\libc_nano.a(libc_a-nano-vfprintf.o)
                0x0800699c                vfprintf
                0x0800699c                vfiprintf
 .text          0x080069b4        0x0 C:\Users\jonat\Downloads\arm-gnu-toolchain-15.2.rel1-mingw-w64-x86_64-arm-none-eabi\arm-none-eabi\lib\thumb\v6-m\nofp\libc_nano.a(libc_a-findfp.o)
 .text.std      0x080069b4       0x6c C:\Users\jonat\Downloads\arm-gnu-toolchain-15.2.rel1-mingw-w64-x86_64-arm-none-eabi\arm-none-eabi\lib\thumb\v6-m\nofp\libc_nano.a(libc_a-findfp.o)
 .text.stdio_exit_handler
                0x08006a20       0x1c C:\Users\jonat\Downloads\arm-gnu-toolchain-15.2.rel1-mingw-w64-x86_64-arm-none-eabi\arm-none-eabi\lib\thumb\v6-m\nofp\libc_nano.a(libc_a-findfp.o)
 .text.cleanup_stdio
                0x08006a3c       0x3c C:\Users\jonat\Downloads\arm-gnu-toolchain-15.2.rel1-mingw-w64-x86_64-arm-none-eabi\arm-none-eabi\lib\thumb\v6-m\nofp\libc_nano.a(libc_a-findfp.o)
 .text.__fp_lock
                0x08006a78       0x18 C:\Users\jonat\Downloads\arm-gnu-toolchain-15.2.rel1-mingw-w64-x86_64-arm-none-eabi\arm-none-eabi\lib\thumb\v6-m\nofp\libc_nano.a(libc_a-findfp.o)
 .text.__fp_unlock
                0x08006a90       0x18 C:\Users\jonat\Downloads\arm-gnu-toolchain-15.2.rel1-mingw-w64-x86_64-arm-none-eabi\arm-none-eabi\lib\thumb\v6-m\nofp\libc_nano.a(libc_a-findfp.o)
 .text.global_stdio_init.part.0
                0x08006aa8       0x3c C:\Users\jonat\Downloads\arm-gnu-toolchain-15.2.rel1-mingw-w64-x86_64-arm-none-eabi\arm-none-eabi\lib\thumb\v6-m\nofp\libc_nano.a(libc_a-findfp.o)
 .text.__sfp_lock_acquire
                0x08006ae4       0x10 C:\Users\jonat\Downloads\arm-gnu-toolchain-15.2.rel1-mingw-w64-x86_64-arm-none-eabi\arm-none-eabi\lib\thumb\v6-m\nofp\libc_nano.a(libc_a-findfp.o)
                0x08006ae4                __sfp_lock_acquire
 .text.__sfp_lock_release
                0x08006af4       0x10 C:\Users\jonat\Downloads\arm-gnu-toolchain-15.2.rel1-mingw-w64-x86_64-arm-none-eabi\arm-none-eabi\lib\thumb\v6-m\nofp\libc_nano.a(libc_a-findfp.o)
                0x08006af4                __sfp_lock_release
 .text.__sfp    0x08006b04       0xac C:\Users\jonat\Downloads\arm-gnu-toolchain-15.2.rel1-mingw-w64-x86_64-arm-none-eabi\arm-none-eabi\lib\thumb\v6-m\nofp\libc_nano.a(libc_a-findfp.o)
                0x08006b04                __sfp
 .text.__sinit  0x08006bb0       0x30 C:\Users\jonat\Downloads\arm-gnu-toolchain-15.2.rel1-mingw-w64-x86_64-arm-none-eabi\arm-none-eabi\lib\thumb\v6-m\nofp\libc_nano.a(libc_a-findfp.o)
                0x08006bb0                __sinit
 .text.__fp_lock_all
                0x08006be0       0x1c C:\Users\jonat\Downloads\arm-gnu-toolchain-15.2.rel1-mingw-w64-x86_64-arm-none-eabi\arm-none-eabi\lib\thumb\v6-m\nofp\libc_nano.a(libc_a-findfp.o)
                0x08006be0                __fp_lock_all
 .text.__fp_unlock_all
                0x08006bfc       0x1c C:\Users\jonat\Downloads\arm-gnu-toolchain-15.2.rel1-mingw-w64-x86_64-arm-none-eabi\arm-none-eabi\lib\thumb\v6-m\nofp\libc_nano.a(libc_a-findfp.o)
                0x08006bfc                __fp_unlock_all
 .text          0x08006c18        0x0 C:\Users\jonat\Downloads\arm-gnu-toolchain-15.2.rel1-mingw-w64-x86_64-arm-none-eabi\arm-none-eabi\lib\thumb\v6-m\nofp\libc_nano.a(libc_a-fvwrite.o)
 .text.__sfvwrite_r
                0x08006c18      0x2c0 C:\Users\jonat\Downloads\arm-gnu-toolchain-15.2.rel1-mingw-w64-x86_64-arm-none-eabi\arm-none-eabi\lib\thumb\v6-m\nofp\libc_nano.a(libc_a-fvwrite.o)
                0x08006c18                __sfvwrite_r
 .text          0x08006ed8        0x0 C:\Users\jonat\Downloads\arm-gnu-toolchain-15.2.rel1-mingw-w64-x86_64-arm-none-eabi\arm-none-eabi\lib\thumb\v6-m\nofp\libc_nano.a(libc_a-fwalk.o)
 .text._fwalk_sglue
                0x08006ed8       0x38 C:\Users\jonat\Downloads\arm-gnu-toolchain-15.2.rel1-mingw-w64-x86_64-arm-none-eabi\arm-none-eabi\lib\thumb\v6-m\nofp\libc_nano.a(libc_a-fwalk.o)
                0x08006ed8                _fwalk_sglue
 .text          0x08006f10        0x0 C:\Users\jonat\Downloads\arm-gnu-toolchain-15.2.rel1-mingw-w64-x86_64-arm-none-eabi\arm-none-eabi\lib\thumb\v6-m\nofp\libc_nano.a(libc_a-stdio.o)
 .text.__sread  0x08006f10       0x28 C:\Users\jonat\Downloads\arm-gnu-toolchain-15.2.rel1-mingw-w64-x86_64-arm-none-eabi\arm-none-eabi\lib\thumb\v6-m\nofp\libc_nano.a(libc_a-stdio.o)
                0x08006f10                __sread
 .text.__seofread
                0x08006f38        0x4 C:\Users\jonat\Downloads\arm-gnu-toolchain-15.2.rel1-mingw-w64-x86_64-arm-none-eabi\arm-none-eabi\lib\thumb\v6-m\nofp\libc_nano.a(libc_a-stdio.o)
                0x08006f38                __seofread
 .text.__swrite
                0x08006f3c       0x38 C:\Users\jonat\Downloads\arm-gnu-toolchain-15.2.rel1-mingw-w64-x86_64-arm-none-eabi\arm-none-eabi\lib\thumb\v6-m\nofp\libc_nano.a(libc_a-stdio.o)
                0x08006f3c                __swrite
 .text.__sseek  0x08006f74       0x2c C:\Users\jonat\Downloads\arm-gnu-toolchain-15.2.rel1-mingw-w64-x86_64-arm-none-eabi\arm-none-eabi\lib\thumb\v6-m\nofp\libc_nano.a(libc_a-stdio.o)
                0x08006f74                __sseek
 .text.__sclose
                0x08006fa0        0xc C:\Users\jonat\Downloads\arm-gnu-toolchain-15.2.rel1-mingw-w64-x86_64-arm-none-eabi\arm-none-eabi\lib\thumb\v6-m\nofp\libc_nano.a(libc_a-stdio.o)
                0x08006fa0                __sclose
 .text          0x08006fac        0x0 C:\Users\jonat\Downloads\arm-gnu-toolchain-15.2.rel1-mingw-w64-x86_64-arm-none-eabi\arm-none-eabi\lib\thumb\v6-m\nofp\libc_nano.a(libc_a-wbuf.o)
 .text.__swbuf_r
                0x08006fac       0x82 C:\Users\jonat\Downloads\arm-gnu-toolchain-15.2.rel1-mingw-w64-x86_64-arm-none-eabi\arm-none-eabi\lib\thumb\v6-m\nofp\libc_nano.a(libc_a-wbuf.o)
                0x08006fac                __swbuf_r
 *fill*         0x0800702e        0x2 
 .text.__swbuf  0x08007030       0x14 C:\Users\jonat\Downloads\arm-gnu-toolchain-15.2.rel1-mingw-w64-x86_64-arm-none-eabi\arm-none-eabi\lib\thumb\v6-m\nofp\libc_nano.a(libc_a-wbuf.o)
                0x08007030                __swbuf
 .text          0x08007044        0x0 C:\Users\jonat\Downloads\arm-gnu-toolchain-15.2.rel1-mingw-w64-x86_64-arm-none-eabi\arm-none-eabi\lib\thumb\v6-m\nofp\libc_nano.a(libc_a-wsetup.o)
 .text.__swsetup_r
                0x08007044       0xb8 C:\Users\jonat\Downloads\arm-gnu-toolchain-15.2.rel1-mingw-w64-x86_64-arm-none-eabi\arm-none-eabi\lib\thumb\v6-m\nofp\libc_nano.a(libc_a-wsetup.o)
                0x08007044                __swsetup_r
 .text          0x080070fc        0x0 C:\Users\jonat\Downloads\arm-gnu-toolchain-15.2.rel1-mingw-w64-x86_64-arm-none-eabi\arm-none-eabi\lib\thumb\v6-m\nofp\libc_nano.a(libc_a-memmove.o)
 .text.memmove  0x080070fc       0x26 C:\Users\jonat\Downloads\arm-gnu-toolchain-15.2.rel1-mingw-w64-x86_64-arm-none-eabi\arm-none-eabi\lib\thumb\v6-m\nofp\libc_nano.a(libc_a-memmove.o)
                0x080070fc                memmove
 .text          0x08007122        0x0 C:\Users\jonat\Downloads\arm-gnu-toolchain-15.2.rel1-mingw-w64-x86_64-arm-none-eabi\arm-none-eabi\lib\thumb\v6-m\nofp\libc_nano.a(libc_a-memset.o)
 .text.memset   0x08007122       0x10 C:\Users\jonat\Downloads\arm-gnu-toolchain-15.2.rel1-mingw-w64-x86_64-arm-none-eabi\arm-none-eabi\lib\thumb\v6-m\nofp\libc_nano.a(libc_a-memset.o)
                0x08007122                memset
 .text          0x08007132        0x0 C:\Users\jonat\Downloads\arm-gnu-toolchain-15.2.rel1-mingw-w64-x86_64-arm-none-eabi\arm-none-eabi\lib\thumb\v6-m\nofp\libc_nano.a(libc_a-locale.o)
 *fill*         0x08007132        0x2 
 .text._setlocale_r
                0x08007134       0x40 C:\Users\jonat\Downloads\arm-gnu-toolchain-15.2.rel1-mingw-w64-x86_64-arm-none-eabi\arm-none-eabi\lib\thumb\v6-m\nofp\libc_nano.a(libc_a-locale.o)
                0x08007134                _setlocale_r
 .text.__locale_mb_cur_max
                0x08007174       0x10 C:\Users\jonat\Downloads\arm-gnu-toolchain-15.2.rel1-mingw-w64-x86_64-arm-none-eabi\arm-none-eabi\lib\thumb\v6-m\nofp\libc_nano.a(libc_a-locale.o)
                0x08007174                __locale_mb_cur_max
 .text.setlocale
                0x08007184       0x14 C:\Users\jonat\Downloads\arm-gnu-toolchain-15.2.rel1-mingw-w64-x86_64-arm-none-eabi\arm-none-eabi\lib\thumb\v6-m\nofp\libc_nano.a(libc_a-locale.o)
                0x08007184                setlocale
 .text          0x08007198        0x0 C:\Users\jonat\Downloads\arm-gnu-toolchain-15.2.rel1-mingw-w64-x86_64-arm-none-eabi\arm-none-eabi\lib\thumb\v6-m\nofp\libc_nano.a(libc_a-closer.o)
 .text._close_r
                0x08007198       0x24 C:\Users\jonat\Downloads\arm-gnu-toolchain-15.2.rel1-mingw-w64-x86_64-arm-none-eabi\arm-none-eabi\lib\thumb\v6-m\nofp\libc_nano.a(libc_a-closer.o)
                0x08007198                _close_r
 .text          0x080071bc        0x0 C:\Users\jonat\Downloads\arm-gnu-toolchain-15.2.rel1-mingw-w64-x86_64-arm-none-eabi\arm-none-eabi\lib\thumb\v6-m\nofp\libc_nano.a(libc_a-lseekr.o)
 .text._lseek_r
                0x080071bc       0x28 C:\Users\jonat\Downloads\arm-gnu-toolchain-15.2.rel1-mingw-w64-x86_64-arm-none-eabi\arm-none-eabi\lib\thumb\v6-m\nofp\libc_nano.a(libc_a-lseekr.o)
                0x080071bc                _lseek_r
 .text          0x080071e4        0x0 C:\Users\jonat\Downloads\arm-gnu-toolchain-15.2.rel1-mingw-w64-x86_64-arm-none-eabi\arm-none-eabi\lib\thumb\v6-m\nofp\libc_nano.a(libc_a-readr.o)
 .text._read_r  0x080071e4       0x28 C:\Users\jonat\Downloads\arm-gnu-toolchain-15.2.rel1-mingw-w64-x86_64-arm-none-eabi\arm-none-eabi\lib\thumb\v6-m\nofp\libc_nano.a(libc_a-readr.o)
                0x080071e4                _read_r
 .text          0x0800720c        0x0 C:\Users\jonat\Downloads\arm-gnu-toolchain-15.2.rel1-mingw-w64-x86_64-arm-none-eabi\arm-none-eabi\lib\thumb\v6-m\nofp\libc_nano.a(libc_a-sbrkr.o)
 .text._sbrk_r  0x0800720c       0x24 C:\Users\jonat\Downloads\arm-gnu-toolchain-15.2.rel1-mingw-w64-x86_64-arm-none-eabi\arm-none-eabi\lib\thumb\v6-m\nofp\libc_nano.a(libc_a-sbrkr.o)
                0x0800720c                _sbrk_r
 .text          0x08007230        0x0 C:\Users\jonat\Downloads\arm-gnu-toolchain-15.2.rel1-mingw-w64-x86_64-arm-none-eabi\arm-none-eabi\lib\thumb\v6-m\nofp\libc_nano.a(libc_a-writer.o)
 .text._write_r
                0x08007230       0x28 C:\Users\jonat\Downloads\arm-gnu-toolchain-15.2.rel1-mingw-w64-x86_64-arm-none-eabi\arm-none-eabi\lib\thumb\v6-m\nofp\libc_nano.a(libc_a-writer.o)
                0x08007230                _write_r
 .text          0x08007258        0x0 C:\Users\jonat\Downloads\arm-gnu-toolchain-15.2.rel1-mingw-w64-x86_64-arm-none-eabi\arm-none-eabi\lib\thumb\v6-m\nofp\libc_nano.a(libc_a-lock.o)
 .text.__retarget_lock_init
                0x08007258        0x2 C:\Users\jonat\Downloads\arm-gnu-toolchain-15.2.rel1-mingw-w64-x86_64-arm-none-eabi\arm-none-eabi\lib\thumb\v6-m\nofp\libc_nano.a(libc_a-lock.o)
                0x08007258                __retarget_lock_init
 .text.__retarget_lock_init_recursive
                0x0800725a        0x2 C:\Users\jonat\Downloads\arm-gnu-toolchain-15.2.rel1-mingw-w64-x86_64-arm-none-eabi\arm-none-eabi\lib\thumb\v6-m\nofp\libc_nano.a(libc_a-lock.o)
                0x0800725a                __retarget_lock_init_recursive
 .text.__retarget_lock_close
                0x0800725c        0x2 C:\Users\jonat\Downloads\arm-gnu-toolchain-15.2.rel1-mingw-w64-x86_64-arm-none-eabi\arm-none-eabi\lib\thumb\v6-m\nofp\libc_nano.a(libc_a-lock.o)
                0x0800725c                __retarget_lock_close
 .text.__retarget_lock_close_recursive
                0x0800725e        0x2 C:\Users\jonat\Downloads\arm-gnu-toolchain-15.2.rel1-mingw-w64-x86_64-arm-none-eabi\arm-none-eabi\lib\thumb\v6-m\nofp\libc_nano.a(libc_a-lock.o)
                0x0800725e                __retarget_lock_close_recursive
 .text.__retarget_lock_acquire
                0x08007260        0x2 C:\Users\jonat\Downloads\arm-gnu-toolchain-15.2.rel1-mingw-w64-x86_64-arm-none-eabi\arm-none-eabi\lib\thumb\v6-m\nofp\libc_nano.a(libc_a-lock.o)
                0x08007260                __retarget_lock_acquire
 .text.__retarget_lock_acquire_recursive
                0x08007262        0x2 C:\Users\jonat\Downloads\arm-gnu-toolchain-15.2.rel1-mingw-w64-x86_64-arm-none-eabi\arm-none-eabi\lib\thumb\v6-m\nofp\libc_nano.a(libc_a-lock.o)
                0x08007262                __retarget_lock_acquire_recursive
 .text.__retarget_lock_try_acquire
                0x08007264        0x4 C:\Users\jonat\Downloads\arm-gnu-toolchain-15.2.rel1-mingw-w64-x86_64-arm-none-eabi\arm-none-eabi\lib\thumb\v6-m\nofp\libc_nano.a(libc_a-lock.o)
                0x08007264                __retarget_lock_try_acquire
 .text.__retarget_lock_try_acquire_recursive
                0x08007268        0x4 C:\Users\jonat\Downloads\arm-gnu-toolchain-15.2.rel1-mingw-w64-x86_64-arm-none-eabi\arm-none-eabi\lib\thumb\v6-m\nofp\libc_nano.a(libc_a-lock.o)
                0x08007268                __retarget_lock_try_acquire_recursive
 .text.__retarget_lock_release
                0x0800726c        0x2 C:\Users\jonat\Downloads\arm-gnu-toolchain-15.2.rel1-mingw-w64-x86_64-arm-none-eabi\arm-none-eabi\lib\thumb\v6-m\nofp\libc_nano.a(libc_a-lock.o)
                0x0800726c                __retarget_lock_release
 .text.__retarget_lock_release_recursive
                0x0800726e        0x2 C:\Users\jonat\Downloads\arm-gnu-toolchain-15.2.rel1-mingw-w64-x86_64-arm-none-eabi\arm-none-eabi\lib\thumb\v6-m\nofp\libc_nano.a(libc_a-lock.o)
                0x0800726e                __retarget_lock_release_recursive
 .text          0x08007270       0x14 C:\Users\jonat\Downloads\arm-gnu-toolchain-15.2.rel1-mingw-w64-x86_64-arm-none-eabi\arm-none-eabi\lib\thumb\v6-m\nofp\libc_nano.a(libc_a-strcmp.o)
                0x08007270                strcmp
 .text          0x08007284        0x0 C:\Users\jonat\Downloads\arm-gnu-toolchain-15.2.rel1-mingw-w64-x86_64-arm-none-eabi\arm-none-eabi\lib\thumb\v6-m\nofp\libc_nano.a(libc_a-assert.o)
 .text.__assert_func
                0x08007284       0x3c C:\Users\jonat\Downloads\arm-gnu-toolchain-15.2.rel1-mingw-w64-x86_64-arm-none-eabi\arm-none-eabi\lib\thumb\v6-m\nofp\libc_nano.a(libc_a-assert.o)
                0x08007284                __assert_func
 .text.__assert
                0x080072c0        0xa C:\Users\jonat\Downloads\arm-gnu-toolchain-15.2.rel1-mingw-w64-x86_64-arm-none-eabi\arm-none-eabi\lib\thumb\v6-m\nofp\libc_nano.a(libc_a-assert.o)
                0x080072c0                __assert
 .text          0x080072ca        0x0 C:\Users\jonat\Downloads\arm-gnu-toolchain-15.2.rel1-mingw-w64-x86_64-arm-none-eabi\arm-none-eabi\lib\thumb\v6-m\nofp\libc_nano.a(libc_a-callocr.o)
 .text._calloc_r
                0x080072ca       0x5a C:\Users\jonat\Downloads\arm-gnu-toolchain-15.2.rel1-mingw-w64-x86_64-arm-none-eabi\arm-none-eabi\lib\thumb\v6-m\nofp\libc_nano.a(libc_a-callocr.o)
                0x080072ca                _calloc_r
 .text          0x08007324        0x0 C:\Users\jonat\Downloads\arm-gnu-toolchain-15.2.rel1-mingw-w64-x86_64-arm-none-eabi\arm-none-eabi\lib\thumb\v6-m\nofp\libc_nano.a(libc_a-freer.o)
 .text._free_r  0x08007324       0x94 C:\Users\jonat\Downloads\arm-gnu-toolchain-15.2.rel1-mingw-w64-x86_64-arm-none-eabi\arm-none-eabi\lib\thumb\v6-m\nofp\libc_nano.a(libc_a-freer.o)
                0x08007324                _free_r
 .text          0x080073b8        0x0 C:\Users\jonat\Downloads\arm-gnu-toolchain-15.2.rel1-mingw-w64-x86_64-arm-none-eabi\arm-none-eabi\lib\thumb\v6-m\nofp\libc_nano.a(libc_a-mbtowc_r.o)
 .text._mbtowc_r
                0x080073b8       0x14 C:\Users\jonat\Downloads\arm-gnu-toolchain-15.2.rel1-mingw-w64-x86_64-arm-none-eabi\arm-none-eabi\lib\thumb\v6-m\nofp\libc_nano.a(libc_a-mbtowc_r.o)
                0x080073b8                _mbtowc_r
 .text.__ascii_mbtowc
                0x080073cc       0x24 C:\Users\jonat\Downloads\arm-gnu-toolchain-15.2.rel1-mingw-w64-x86_64-arm-none-eabi\arm-none-eabi\lib\thumb\v6-m\nofp\libc_nano.a(libc_a-mbtowc_r.o)
                0x080073cc                __ascii_mbtowc
 .text          0x080073f0        0x0 C:\Users\jonat\Downloads\arm-gnu-toolchain-15.2.rel1-mingw-w64-x86_64-arm-none-eabi\arm-none-eabi\lib\thumb\v6-m\nofp\libc_nano.a(libc_a-reallocr.o)
 .text._realloc_r
                0x080073f0       0x60 C:\Users\jonat\Downloads\arm-gnu-toolchain-15.2.rel1-mingw-w64-x86_64-arm-none-eabi\arm-none-eabi\lib\thumb\v6-m\nofp\libc_nano.a(libc_a-reallocr.o)
                0x080073f0                _realloc_r
 .text          0x08007450        0x0 C:\Users\jonat\Downloads\arm-gnu-toolchain-15.2.rel1-mingw-w64-x86_64-arm-none-eabi\arm-none-eabi\lib\thumb\v6-m\nofp\libc_nano.a(libc_a-wctomb_r.o)
 .text._wctomb_r
                0x08007450       0x10 C:\Users\jonat\Downloads\arm-gnu-toolchain-15.2.rel1-mingw-w64-x86_64-arm-none-eabi\arm-none-eabi\lib\thumb\v6-m\nofp\libc_nano.a(libc_a-wctomb_r.o)
                0x08007450                _wctomb_r
 .text.__ascii_wctomb
                0x08007460       0x18 C:\Users\jonat\Downloads\arm-gnu-toolchain-15.2.rel1-mingw-w64-x86_64-arm-none-eabi\arm-none-eabi\lib\thumb\v6-m\nofp\libc_nano.a(libc_a-wctomb_r.o)
                0x08007460                __ascii_wctomb
 .text          0x08007478        0x0 C:\Users\jonat\Downloads\arm-gnu-toolchain-15.2.rel1-mingw-w64-x86_64-arm-none-eabi\arm-none-eabi\lib\thumb\v6-m\nofp\libc_nano.a(libc_a-ctype_.o)
 .text          0x08007478        0x0 C:\Users\jonat\Downloads\arm-gnu-toolchain-15.2.rel1-mingw-w64-x86_64-arm-none-eabi\arm-none-eabi\lib\thumb\v6-m\nofp\libc_nano.a(libc_a-fflush.o)
 .text.__sflush_r
                0x08007478      0x10c C:\Users\jonat\Downloads\arm-gnu-toolchain-15.2.rel1-mingw-w64-x86_64-arm-none-eabi\arm-none-eabi\lib\thumb\v6-m\nofp\libc_nano.a(libc_a-fflush.o)
                0x08007478                __sflush_r
 .text._fflush_r
                0x08007584       0x56 C:\Users\jonat\Downloads\arm-gnu-toolchain-15.2.rel1-mingw-w64-x86_64-arm-none-eabi\arm-none-eabi\lib\thumb\v6-m\nofp\libc_nano.a(libc_a-fflush.o)
                0x08007584                _fflush_r
 *fill*         0x080075da        0x2 
 .text.fflush   0x080075dc       0x30 C:\Users\jonat\Downloads\arm-gnu-toolchain-15.2.rel1-mingw-w64-x86_64-arm-none-eabi\arm-none-eabi\lib\thumb\v6-m\nofp\libc_nano.a(libc_a-fflush.o)
                0x080075dc                fflush
 .text          0x0800760c        0x0 C:\Users\jonat\Downloads\arm-gnu-toolchain-15.2.rel1-mingw-w64-x86_64-arm-none-eabi\arm-none-eabi\lib\thumb\v6-m\nofp\libc_nano.a(libc_a-fprintf.o)
 .text._fprintf_r
                0x0800760c       0x16 C:\Users\jonat\Downloads\arm-gnu-toolchain-15.2.rel1-mingw-w64-x86_64-arm-none-eabi\arm-none-eabi\lib\thumb\v6-m\nofp\libc_nano.a(libc_a-fprintf.o)
                0x0800760c                _fiprintf_r
                0x0800760c                _fprintf_r
 *fill*         0x08007622        0x2 
 .text.fprintf  0x08007624       0x20 C:\Users\jonat\Downloads\arm-gnu-toolchain-15.2.rel1-mingw-w64-x86_64-arm-none-eabi\arm-none-eabi\lib\thumb\v6-m\nofp\libc_nano.a(libc_a-fprintf.o)
                0x08007624                fiprintf
                0x08007624                fprintf
 .text          0x08007644        0x0 C:\Users\jonat\Downloads\arm-gnu-toolchain-15.2.rel1-mingw-w64-x86_64-arm-none-eabi\arm-none-eabi\lib\thumb\v6-m\nofp\libc_nano.a(libc_a-makebuf.o)
 .text.__swhatbuf_r
                0x08007644       0x54 C:\Users\jonat\Downloads\arm-gnu-toolchain-15.2.rel1-mingw-w64-x86_64-arm-none-eabi\arm-none-eabi\lib\thumb\v6-m\nofp\libc_nano.a(libc_a-makebuf.o)
                0x08007644                __swhatbuf_r
 .text.__smakebuf_r
                0x08007698       0x72 C:\Users\jonat\Downloads\arm-gnu-toolchain-15.2.rel1-mingw-w64-x86_64-arm-none-eabi\arm-none-eabi\lib\thumb\v6-m\nofp\libc_nano.a(libc_a-makebuf.o)
                0x08007698                __smakebuf_r
 .text          0x0800770a        0x0 C:\Users\jonat\Downloads\arm-gnu-toolchain-15.2.rel1-mingw-w64-x86_64-arm-none-eabi\arm-none-eabi\lib\thumb\v6-m\nofp\libc_nano.a(libc_a-fstatr.o)
 *fill*         0x0800770a        0x2 
 .text._fstat_r
                0x0800770c       0x24 C:\Users\jonat\Downloads\arm-gnu-toolchain-15.2.rel1-mingw-w64-x86_64-arm-none-eabi\arm-none-eabi\lib\thumb\v6-m\nofp\libc_nano.a(libc_a-fstatr.o)
                0x0800770c                _fstat_r
 .text          0x08007730        0x0 C:\Users\jonat\Downloads\arm-gnu-toolchain-15.2.rel1-mingw-w64-x86_64-arm-none-eabi\arm-none-eabi\lib\thumb\v6-m\nofp\libc_nano.a(libc_a-isattyr.o)
 .text._isatty_r
                0x08007730       0x24 C:\Users\jonat\Downloads\arm-gnu-toolchain-15.2.rel1-mingw-w64-x86_64-arm-none-eabi\arm-none-eabi\lib\thumb\v6-m\nofp\libc_nano.a(libc_a-isattyr.o)
                0x08007730                _isatty_r
 .text          0x08007754        0x0 C:\Users\jonat\Downloads\arm-gnu-toolchain-15.2.rel1-mingw-w64-x86_64-arm-none-eabi\arm-none-eabi\lib\thumb\v6-m\nofp\libc_nano.a(libc_a-abort.o)
 .text.abort    0x08007754        0xe C:\Users\jonat\Downloads\arm-gnu-toolchain-15.2.rel1-mingw-w64-x86_64-arm-none-eabi\arm-none-eabi\lib\thumb\v6-m\nofp\libc_nano.a(libc_a-abort.o)
                0x08007754                abort
 .text          0x08007762        0x0 C:\Users\jonat\Downloads\arm-gnu-toolchain-15.2.rel1-mingw-w64-x86_64-arm-none-eabi\arm-none-eabi\lib\thumb\v6-m\nofp\libc_nano.a(libc_a-msizer.o)
 .text._malloc_usable_size_r
                0x08007762       0x10 C:\Users\jonat\Downloads\arm-gnu-toolchain-15.2.rel1-mingw-w64-x86_64-arm-none-eabi\arm-none-eabi\lib\thumb\v6-m\nofp\libc_nano.a(libc_a-msizer.o)
                0x08007762                _malloc_usable_size_r
 .text          0x08007772        0x0 C:\Users\jonat\Downloads\arm-gnu-toolchain-15.2.rel1-mingw-w64-x86_64-arm-none-eabi\arm-none-eabi\lib\thumb\v6-m\nofp\libc_nano.a(libc_a-signal.o)
 .text._init_signal_r
                0x08007772       0x2a C:\Users\jonat\Downloads\arm-gnu-toolchain-15.2.rel1-mingw-w64-x86_64-arm-none-eabi\arm-none-eabi\lib\thumb\v6-m\nofp\libc_nano.a(libc_a-signal.o)
                0x08007772                _init_signal_r
 .text._signal_r
                0x0800779c       0x30 C:\Users\jonat\Downloads\arm-gnu-toolchain-15.2.rel1-mingw-w64-x86_64-arm-none-eabi\arm-none-eabi\lib\thumb\v6-m\nofp\libc_nano.a(libc_a-signal.o)
                0x0800779c                _signal_r
 .text._raise_r
                0x080077cc       0x52 C:\Users\jonat\Downloads\arm-gnu-toolchain-15.2.rel1-mingw-w64-x86_64-arm-none-eabi\arm-none-eabi\lib\thumb\v6-m\nofp\libc_nano.a(libc_a-signal.o)
                0x080077cc                _raise_r
 .text.__sigtramp_r
                0x0800781e       0x46 C:\Users\jonat\Downloads\arm-gnu-toolchain-15.2.rel1-mingw-w64-x86_64-arm-none-eabi\arm-none-eabi\lib\thumb\v6-m\nofp\libc_nano.a(libc_a-signal.o)
                0x0800781e                __sigtramp_r
 .text.raise    0x08007864       0x14 C:\Users\jonat\Downloads\arm-gnu-toolchain-15.2.rel1-mingw-w64-x86_64-arm-none-eabi\arm-none-eabi\lib\thumb\v6-m\nofp\libc_nano.a(libc_a-signal.o)
                0x08007864                raise
 .text.signal   0x08007878       0x14 C:\Users\jonat\Downloads\arm-gnu-toolchain-15.2.rel1-mingw-w64-x86_64-arm-none-eabi\arm-none-eabi\lib\thumb\v6-m\nofp\libc_nano.a(libc_a-signal.o)
                0x08007878                signal
 .text._init_signal
                0x0800788c       0x10 C:\Users\jonat\Downloads\arm-gnu-toolchain-15.2.rel1-mingw-w64-x86_64-arm-none-eabi\arm-none-eabi\lib\thumb\v6-m\nofp\libc_nano.a(libc_a-signal.o)
                0x0800788c                _init_signal
 .text.__sigtramp
                0x0800789c       0x14 C:\Users\jonat\Downloads\arm-gnu-toolchain-15.2.rel1-mingw-w64-x86_64-arm-none-eabi\arm-none-eabi\lib\thumb\v6-m\nofp\libc_nano.a(libc_a-signal.o)
                0x0800789c                __sigtramp
 .text          0x080078b0        0x0 C:\Users\jonat\Downloads\arm-gnu-toolchain-15.2.rel1-mingw-w64-x86_64-arm-none-eabi\arm-none-eabi\lib\thumb\v6-m\nofp\libc_nano.a(libc_a-signalr.o)
 .text._kill_r  0x080078b0       0x24 C:\Users\jonat\Downloads\arm-gnu-toolchain-15.2.rel1-mingw-w64-x86_64-arm-none-eabi\arm-none-eabi\lib\thumb\v6-m\nofp\libc_nano.a(libc_a-signalr.o)
                0x080078b0                _kill_r
 .text._getpid_r
                0x080078d4        0x8 C:\Users\jonat\Downloads\arm-gnu-toolchain-15.2.rel1-mingw-w64-x86_64-arm-none-eabi\arm-none-eabi\lib\thumb\v6-m\nofp\libc_nano.a(libc_a-signalr.o)
                0x080078d4                _getpid_r
 .text          0x080078dc       0x14 C:\Users\jonat\Downloads\arm-gnu-toolchain-15.2.rel1-mingw-w64-x86_64-arm-none-eabi\lib\gcc\arm-none-eabi\15.2.1\thumb\v6-m\nofp\libgcc.a(_thumb1_case_uqi.o)
                0x080078dc                __gnu_thumb1_case_uqi
 .text          0x080078f0       0x14 C:\Users\jonat\Downloads\arm-gnu-toolchain-15.2.rel1-mingw-w64-x86_64-arm-none-eabi\lib\gcc\arm-none-eabi\15.2.1\thumb\v6-m\nofp\libgcc.a(_thumb1_case_shi.o)
                0x080078f0                __gnu_thumb1_case_shi
 .text          0x08007904      0x114 C:\Users\jonat\Downloads\arm-gnu-toolchain-15.2.rel1-mingw-w64-x86_64-arm-none-eabi\lib\gcc\arm-none-eabi\15.2.1\thumb\v6-m\nofp\libgcc.a(_udivsi3.o)
                0x08007904                __aeabi_uidiv
                0x08007904                __udivsi3
                0x08007a10                __aeabi_uidivmod
 .text          0x08007a18       0x7c C:\Users\jonat\Downloads\arm-gnu-toolchain-15.2.rel1-mingw-w64-x86_64-arm-none-eabi\lib\gcc\arm-none-eabi\15.2.1\thumb\v6-m\nofp\libgcc.a(_arm_cmpdf2.o)
                0x08007a18                __aeabi_cdrcmple
                0x08007a28                __aeabi_cdcmple
                0x08007a28                __aeabi_cdcmpeq
                0x08007a38                __aeabi_dcmpeq
                0x08007a44                __aeabi_dcmplt
                0x08007a58                __aeabi_dcmple
                0x08007a6c                __aeabi_dcmpgt
                0x08007a80                __aeabi_dcmpge
 .text          0x08007a94        0x0 C:\Users\jonat\Downloads\arm-gnu-toolchain-15.2.rel1-mingw-w64-x86_64-arm-none-eabi\lib\gcc\arm-none-eabi\15.2.1\thumb\v6-m\nofp\libgcc.a(adddf3.o)
 .text.__aeabi_dadd
                0x08007a94      0x828 C:\Users\jonat\Downloads\arm-gnu-toolchain-15.2.rel1-mingw-w64-x86_64-arm-none-eabi\lib\gcc\arm-none-eabi\15.2.1\thumb\v6-m\nofp\libgcc.a(adddf3.o)
                0x08007a94                __aeabi_dadd
 .text          0x080082bc        0x0 C:\Users\jonat\Downloads\arm-gnu-toolchain-15.2.rel1-mingw-w64-x86_64-arm-none-eabi\lib\gcc\arm-none-eabi\15.2.1\thumb\v6-m\nofp\libgcc.a(divdf3.o)
 .text.__aeabi_ddiv
                0x080082bc      0x630 C:\Users\jonat\Downloads\arm-gnu-toolchain-15.2.rel1-mingw-w64-x86_64-arm-none-eabi\lib\gcc\arm-none-eabi\15.2.1\thumb\v6-m\nofp\libgcc.a(divdf3.o)
                0x080082bc                __aeabi_ddiv
 .text          0x080088ec        0x0 C:\Users\jonat\Downloads\arm-gnu-toolchain-15.2.rel1-mingw-w64-x86_64-arm-none-eabi\lib\gcc\arm-none-eabi\15.2.1\thumb\v6-m\nofp\libgcc.a(eqdf2.o)
 .text.__eqdf2  0x080088ec       0x94 C:\Users\jonat\Downloads\arm-gnu-toolchain-15.2.rel1-mingw-w64-x86_64-arm-none-eabi\lib\gcc\arm-none-eabi\15.2.1\thumb\v6-m\nofp\libgcc.a(eqdf2.o)
                0x080088ec                __nedf2
                0x080088ec                __eqdf2
 .text          0x08008980        0x0 C:\Users\jonat\Downloads\arm-gnu-toolchain-15.2.rel1-mingw-w64-x86_64-arm-none-eabi\lib\gcc\arm-none-eabi\15.2.1\thumb\v6-m\nofp\libgcc.a(gedf2.o)
 .text.__gedf2  0x08008980       0xd4 C:\Users\jonat\Downloads\arm-gnu-toolchain-15.2.rel1-mingw-w64-x86_64-arm-none-eabi\lib\gcc\arm-none-eabi\15.2.1\thumb\v6-m\nofp\libgcc.a(gedf2.o)
                0x08008980                __gedf2
                0x08008980                __gtdf2
 .text          0x08008a54        0x0 C:\Users\jonat\Downloads\arm-gnu-toolchain-15.2.rel1-mingw-w64-x86_64-arm-none-eabi\lib\gcc\arm-none-eabi\15.2.1\thumb\v6-m\nofp\libgcc.a(ledf2.o)
 .text.__ledf2  0x08008a54       0xd4 C:\Users\jonat\Downloads\arm-gnu-toolchain-15.2.rel1-mingw-w64-x86_64-arm-none-eabi\lib\gcc\arm-none-eabi\15.2.1\thumb\v6-m\nofp\libgcc.a(ledf2.o)
                0x08008a54                __ledf2
                0x08008a54                __ltdf2
 .text          0x08008b28        0x0 C:\Users\jonat\Downloads\arm-gnu-toolchain-15.2.rel1-mingw-w64-x86_64-arm-none-eabi\lib\gcc\arm-none-eabi\15.2.1\thumb\v6-m\nofp\libgcc.a(muldf3.o)
 .text.__aeabi_dmul
                0x08008b28      0x570 C:\Users\jonat\Downloads\arm-gnu-toolchain-15.2.rel1-mingw-w64-x86_64-arm-none-eabi\lib\gcc\arm-none-eabi\15.2.1\thumb\v6-m\nofp\libgcc.a(muldf3.o)
                0x08008b28                __aeabi_dmul
 .text          0x08009098        0x0 C:\Users\jonat\Downloads\arm-gnu-toolchain-15.2.rel1-mingw-w64-x86_64-arm-none-eabi\lib\gcc\arm-none-eabi\15.2.1\thumb\v6-m\nofp\libgcc.a(subdf3.o)
 .text.__aeabi_dsub
                0x08009098      0x814 C:\Users\jonat\Downloads\arm-gnu-toolchain-15.2.rel1-mingw-w64-x86_64-arm-none-eabi\lib\gcc\arm-none-eabi\15.2.1\thumb\v6-m\nofp\libgcc.a(subdf3.o)
                0x08009098                __aeabi_dsub
 .text          0x080098ac        0x0 C:\Users\jonat\Downloads\arm-gnu-toolchain-15.2.rel1-mingw-w64-x86_64-arm-none-eabi\lib\gcc\arm-none-eabi\15.2.1\thumb\v6-m\nofp\libgcc.a(unorddf2.o)
 .text.__aeabi_dcmpun
                0x080098ac       0x40 C:\Users\jonat\Downloads\arm-gnu-toolchain-15.2.rel1-mingw-w64-x86_64-arm-none-eabi\lib\gcc\arm-none-eabi\15.2.1\thumb\v6-m\nofp\libgcc.a(unorddf2.o)
                0x080098ac                __aeabi_dcmpun
 .text          0x080098ec        0x0 C:\Users\jonat\Downloads\arm-gnu-toolchain-15.2.rel1-mingw-w64-x86_64-arm-none-eabi\lib\gcc\arm-none-eabi\15.2.1\thumb\v6-m\nofp\libgcc.a(fixdfsi.o)
 .text.__aeabi_d2iz
                0x080098ec       0x70 C:\Users\jonat\Downloads\arm-gnu-toolchain-15.2.rel1-mingw-w64-x86_64-arm-none-eabi\lib\gcc\arm-none-eabi\15.2.1\thumb\v6-m\nofp\libgcc.a(fixdfsi.o)
                0x080098ec                __aeabi_d2iz
 .text          0x0800995c        0x0 C:\Users\jonat\Downloads\arm-gnu-toolchain-15.2.rel1-mingw-w64-x86_64-arm-none-eabi\lib\gcc\arm-none-eabi\15.2.1\thumb\v6-m\nofp\libgcc.a(floatsidf.o)
 .text.__aeabi_i2d
                0x0800995c       0x68 C:\Users\jonat\Downloads\arm-gnu-toolchain-15.2.rel1-mingw-w64-x86_64-arm-none-eabi\lib\gcc\arm-none-eabi\15.2.1\thumb\v6-m\nofp\libgcc.a(floatsidf.o)
                0x0800995c                __aeabi_i2d
 .text          0x080099c4        0x0 C:\Users\jonat\Downloads\arm-gnu-toolchain-15.2.rel1-mingw-w64-x86_64-arm-none-eabi\lib\gcc\arm-none-eabi\15.2.1\thumb\v6-m\nofp\libgcc.a(floatunsidf.o)
 .text.__aeabi_ui2d
                0x080099c4       0x48 C:\Users\jonat\Downloads\arm-gnu-toolchain-15.2.rel1-mingw-w64-x86_64-arm-none-eabi\lib\gcc\arm-none-eabi\15.2.1\thumb\v6-m\nofp\libgcc.a(floatunsidf.o)
                0x080099c4                __aeabi_ui2d
 .text          0x08009a0c       0x3c C:\Users\jonat\Downloads\arm-gnu-toolchain-15.2.rel1-mingw-w64-x86_64-arm-none-eabi\lib\gcc\arm-none-eabi\15.2.1\thumb\v6-m\nofp\libgcc.a(_clzsi2.o)
                0x08009a0c                __clzsi2
 *(.rodata*)
 .rodata        0x08009a48       0x60 main.o
 .rodata        0x08009aa8       0x88 tof_sensors.o
 .rodata        0x08009b30       0x7c startup.o
 .rodata._printf_float.str1.1
                0x08009bac      0x177 C:\Users\jonat\Downloads\arm-gnu-toolchain-15.2.rel1-mingw-w64-x86_64-arm-none-eabi\arm-none-eabi\lib\thumb\v6-m\nofp\libc_nano.a(libc_a-nano-vfprintf_float.o)
                                 0x12 (size before relaxing)
 .rodata._printf_i.str1.1
                0x08009d23        0x0 C:\Users\jonat\Downloads\arm-gnu-toolchain-15.2.rel1-mingw-w64-x86_64-arm-none-eabi\arm-none-eabi\lib\thumb\v6-m\nofp\libc_nano.a(libc_a-nano-vfprintf_i.o)
                                 0x22 (size before relaxing)
 .rodata._dtoa_r.str1.1
                0x08009d23        0x0 C:\Users\jonat\Downloads\arm-gnu-toolchain-15.2.rel1-mingw-w64-x86_64-arm-none-eabi\arm-none-eabi\lib\thumb\v6-m\nofp\libc_nano.a(libc_a-dtoa.o)
                                 0x92 (size before relaxing)
 .rodata._Balloc.str1.1
                0x08009d23        0x0 C:\Users\jonat\Downloads\arm-gnu-toolchain-15.2.rel1-mingw-w64-x86_64-arm-none-eabi\arm-none-eabi\lib\thumb\v6-m\nofp\libc_nano.a(libc_a-mprec.o)
                                 0x73 (size before relaxing)
 .rodata.__multadd.str1.1
                0x08009d23        0x0 C:\Users\jonat\Downloads\arm-gnu-toolchain-15.2.rel1-mingw-w64-x86_64-arm-none-eabi\arm-none-eabi\lib\thumb\v6-m\nofp\libc_nano.a(libc_a-mprec.o)
                                 0x11 (size before relaxing)
 *fill*         0x08009d23        0x1 
 .rodata.p05.0  0x08009d24        0xc C:\Users\jonat\Downloads\arm-gnu-toolchain-15.2.rel1-mingw-w64-x86_64-arm-none-eabi\arm-none-eabi\lib\thumb\v6-m\nofp\libc_nano.a(libc_a-mprec.o)
 .rodata.__mprec_tinytens
                0x08009d30       0x28 C:\Users\jonat\Downloads\arm-gnu-toolchain-15.2.rel1-mingw-w64-x86_64-arm-none-eabi\arm-none-eabi\lib\thumb\v6-m\nofp\libc_nano.a(libc_a-mprec.o)
                0x08009d30                __mprec_tinytens
 .rodata.__mprec_bigtens
                0x08009d58       0x28 C:\Users\jonat\Downloads\arm-gnu-toolchain-15.2.rel1-mingw-w64-x86_64-arm-none-eabi\arm-none-eabi\lib\thumb\v6-m\nofp\libc_nano.a(libc_a-mprec.o)
                0x08009d58                __mprec_bigtens
 .rodata.__mprec_tens
                0x08009d80       0xc8 C:\Users\jonat\Downloads\arm-gnu-toolchain-15.2.rel1-mingw-w64-x86_64-arm-none-eabi\arm-none-eabi\lib\thumb\v6-m\nofp\libc_nano.a(libc_a-mprec.o)
                0x08009d80                __mprec_tens
 .rodata._vfprintf_r.str1.1
                0x08009e48        0x0 C:\Users\jonat\Downloads\arm-gnu-toolchain-15.2.rel1-mingw-w64-x86_64-arm-none-eabi\arm-none-eabi\lib\thumb\v6-m\nofp\libc_nano.a(libc_a-nano-vfprintf.o)
                                 0x11 (size before relaxing)
 .rodata._setlocale_r.str1.1
                0x08009e48        0x0 C:\Users\jonat\Downloads\arm-gnu-toolchain-15.2.rel1-mingw-w64-x86_64-arm-none-eabi\arm-none-eabi\lib\thumb\v6-m\nofp\libc_nano.a(libc_a-locale.o)
                                  0x9 (size before relaxing)
 .rodata.str1.1
                0x08009e48        0x0 C:\Users\jonat\Downloads\arm-gnu-toolchain-15.2.rel1-mingw-w64-x86_64-arm-none-eabi\arm-none-eabi\lib\thumb\v6-m\nofp\libc_nano.a(libc_a-locale.o)
                                  0x2 (size before relaxing)
 .rodata.__assert_func.str1.1
                0x08009e48        0x0 C:\Users\jonat\Downloads\arm-gnu-toolchain-15.2.rel1-mingw-w64-x86_64-arm-none-eabi\arm-none-eabi\lib\thumb\v6-m\nofp\libc_nano.a(libc_a-assert.o)
                                 0x3d (size before relaxing)
 .rodata._ctype_
                0x08009e48      0x101 C:\Users\jonat\Downloads\arm-gnu-toolchain-15.2.rel1-mingw-w64-x86_64-arm-none-eabi\arm-none-eabi\lib\thumb\v6-m\nofp\libc_nano.a(libc_a-ctype_.o)
                0x08009e48                _ctype_
 *fill*         0x08009f49        0x3 
 .rodata.__aeabi_ddiv
                0x08009f4c       0x40 C:\Users\jonat\Downloads\arm-gnu-toolchain-15.2.rel1-mingw-w64-x86_64-arm-none-eabi\lib\gcc\arm-none-eabi\15.2.1\thumb\v6-m\nofp\libgcc.a(divdf3.o)
                0x08009f8c                        . = ALIGN (0x4)
                0x08009f8c                        PROVIDE (__init_array_start = .)
 *(SORT_BY_NAME(.init_array.*))
 *(.init_array)
                0x08009f8c                        PROVIDE (__init_array_end = .)
                0x08009f8c                        . = ALIGN (0x4)
                0x08009f8c                        _etext = .

.glue_7         0x08009f8c        0x0
 .glue_7        0x08009f8c        0x0 linker stubs

.glue_7t        0x08009f8c        0x0
 .glue_7t       0x08009f8c        0x0 linker stubs

.vfp11_veneer   0x08009f8c        0x0
 .vfp11_veneer  0x08009f8c        0x0 linker stubs

.v4_bx          0x08009f8c        0x0
 .v4_bx         0x08009f8c        0x0 linker stubs

.iplt           0x08009f8c        0x0
 .iplt          0x08009f8c        0x0 main.o

.rel.dyn        0x08009f8c        0x0
 .rel.iplt      0x08009f8c        0x0 main.o

.data           0x20000000      0x1d8 load address 0x08009f8c
                0x20000000                        . = ALIGN (0x4)
                0x20000000                        _data = .
 *(.data*)
 .data          0x20000000        0xb main.o
 .data          0x2000000b        0x0 tof_sensors.o
 .data          0x2000000b        0x0 startup.o
 .data          0x2000000b        0x0 serial.o
 *fill*         0x2000000b        0x1 
 .data          0x2000000c        0x4 newlib_stubs.o
                0x2000000c                environ
 .data          0x20000010        0x0 C:\Users\jonat\Downloads\arm-gnu-toolchain-15.2.rel1-mingw-w64-x86_64-arm-none-eabi\arm-none-eabi\lib\thumb\v6-m\nofp\libnosys.a(errno.o)
 .data          0x20000010        0x0 C:\Users\jonat\Downloads\arm-gnu-toolchain-15.2.rel1-mingw-w64-x86_64-arm-none-eabi\lib\gcc\arm-none-eabi\15.2.1\thumb\v6-m\nofp\libgcc.a(_divsi3.o)
 .data          0x20000010        0x0 C:\Users\jonat\Downloads\arm-gnu-toolchain-15.2.rel1-mingw-w64-x86_64-arm-none-eabi\lib\gcc\arm-none-eabi\15.2.1\thumb\v6-m\nofp\libgcc.a(_dvmd_tls.o)
 .data          0x20000010        0x0 C:\Users\jonat\Downloads\arm-gnu-toolchain-15.2.rel1-mingw-w64-x86_64-arm-none-eabi\arm-none-eabi\lib\thumb\v6-m\nofp\libc_nano.a(libc_a-nano-vfprintf_float.o)
 .data          0x20000010        0x0 C:\Users\jonat\Downloads\arm-gnu-toolchain-15.2.rel1-mingw-w64-x86_64-arm-none-eabi\arm-none-eabi\lib\thumb\v6-m\nofp\libc_nano.a(libc_a-nano-vfprintf_i.o)
 .data          0x20000010        0x0 C:\Users\jonat\Downloads\arm-gnu-toolchain-15.2.rel1-mingw-w64-x86_64-arm-none-eabi\arm-none-eabi\lib\thumb\v6-m\nofp\libc_nano.a(libc_a-printf.o)
 .data          0x20000010        0x0 C:\Users\jonat\Downloads\arm-gnu-toolchain-15.2.rel1-mingw-w64-x86_64-arm-none-eabi\arm-none-eabi\lib\thumb\v6-m\nofp\libc_nano.a(libc_a-localeconv.o)
 .data          0x20000010        0x0 C:\Users\jonat\Downloads\arm-gnu-toolchain-15.2.rel1-mingw-w64-x86_64-arm-none-eabi\arm-none-eabi\lib\thumb\v6-m\nofp\libc_nano.a(libc_a-impure.o)
 .data._impure_ptr
                0x20000010        0x4 C:\Users\jonat\Downloads\arm-gnu-toolchain-15.2.rel1-mingw-w64-x86_64-arm-none-eabi\arm-none-eabi\lib\thumb\v6-m\nofp\libc_nano.a(libc_a-impure.o)
                0x20000010                _impure_ptr
 .data._impure_data
                0x20000014       0x4c C:\Users\jonat\Downloads\arm-gnu-toolchain-15.2.rel1-mingw-w64-x86_64-arm-none-eabi\arm-none-eabi\lib\thumb\v6-m\nofp\libc_nano.a(libc_a-impure.o)
                0x20000014                _impure_data
 .data          0x20000060        0x0 C:\Users\jonat\Downloads\arm-gnu-toolchain-15.2.rel1-mingw-w64-x86_64-arm-none-eabi\arm-none-eabi\lib\thumb\v6-m\nofp\libc_nano.a(libc_a-memchr-stub.o)
 .data          0x20000060        0x0 C:\Users\jonat\Downloads\arm-gnu-toolchain-15.2.rel1-mingw-w64-x86_64-arm-none-eabi\arm-none-eabi\lib\thumb\v6-m\nofp\libc_nano.a(libc_a-memcpy-stub.o)
 .data          0x20000060        0x0 C:\Users\jonat\Downloads\arm-gnu-toolchain-15.2.rel1-mingw-w64-x86_64-arm-none-eabi\arm-none-eabi\lib\thumb\v6-m\nofp\libc_nano.a(libc_a-strlen.o)
 .data          0x20000060        0x0 C:\Users\jonat\Downloads\arm-gnu-toolchain-15.2.rel1-mingw-w64-x86_64-arm-none-eabi\arm-none-eabi\lib\thumb\v6-m\nofp\libc_nano.a(libc_a-dtoa.o)
 .data          0x20000060        0x0 C:\Users\jonat\Downloads\arm-gnu-toolchain-15.2.rel1-mingw-w64-x86_64-arm-none-eabi\arm-none-eabi\lib\thumb\v6-m\nofp\libc_nano.a(libc_a-malloc.o)
 .data          0x20000060        0x0 C:\Users\jonat\Downloads\arm-gnu-toolchain-15.2.rel1-mingw-w64-x86_64-arm-none-eabi\arm-none-eabi\lib\thumb\v6-m\nofp\libc_nano.a(libc_a-mallocr.o)
 .data          0x20000060        0x0 C:\Users\jonat\Downloads\arm-gnu-toolchain-15.2.rel1-mingw-w64-x86_64-arm-none-eabi\arm-none-eabi\lib\thumb\v6-m\nofp\libc_nano.a(libc_a-mlock.o)
 .data          0x20000060        0x0 C:\Users\jonat\Downloads\arm-gnu-toolchain-15.2.rel1-mingw-w64-x86_64-arm-none-eabi\arm-none-eabi\lib\thumb\v6-m\nofp\libc_nano.a(libc_a-mprec.o)
 .data          0x20000060        0x0 C:\Users\jonat\Downloads\arm-gnu-toolchain-15.2.rel1-mingw-w64-x86_64-arm-none-eabi\arm-none-eabi\lib\thumb\v6-m\nofp\libc_nano.a(libc_a-nano-vfprintf.o)
 .data          0x20000060        0x0 C:\Users\jonat\Downloads\arm-gnu-toolchain-15.2.rel1-mingw-w64-x86_64-arm-none-eabi\arm-none-eabi\lib\thumb\v6-m\nofp\libc_nano.a(libc_a-findfp.o)
 .data.__sglue  0x20000060        0xc C:\Users\jonat\Downloads\arm-gnu-toolchain-15.2.rel1-mingw-w64-x86_64-arm-none-eabi\arm-none-eabi\lib\thumb\v6-m\nofp\libc_nano.a(libc_a-findfp.o)
                0x20000060                __sglue
 .data          0x2000006c        0x0 C:\Users\jonat\Downloads\arm-gnu-toolchain-15.2.rel1-mingw-w64-x86_64-arm-none-eabi\arm-none-eabi\lib\thumb\v6-m\nofp\libc_nano.a(libc_a-fvwrite.o)
 .data          0x2000006c        0x0 C:\Users\jonat\Downloads\arm-gnu-toolchain-15.2.rel1-mingw-w64-x86_64-arm-none-eabi\arm-none-eabi\lib\thumb\v6-m\nofp\libc_nano.a(libc_a-fwalk.o)
 .data          0x2000006c        0x0 C:\Users\jonat\Downloads\arm-gnu-toolchain-15.2.rel1-mingw-w64-x86_64-arm-none-eabi\arm-none-eabi\lib\thumb\v6-m\nofp\libc_nano.a(libc_a-stdio.o)
 .data          0x2000006c        0x0 C:\Users\jonat\Downloads\arm-gnu-toolchain-15.2.rel1-mingw-w64-x86_64-arm-none-eabi\arm-none-eabi\lib\thumb\v6-m\nofp\libc_nano.a(libc_a-wbuf.o)
 .data          0x2000006c        0x0 C:\Users\jonat\Downloads\arm-gnu-toolchain-15.2.rel1-mingw-w64-x86_64-arm-none-eabi\arm-none-eabi\lib\thumb\v6-m\nofp\libc_nano.a(libc_a-wsetup.o)
 .data          0x2000006c        0x0 C:\Users\jonat\Downloads\arm-gnu-toolchain-15.2.rel1-mingw-w64-x86_64-arm-none-eabi\arm-none-eabi\lib\thumb\v6-m\nofp\libc_nano.a(libc_a-memmove.o)
 .data          0x2000006c        0x0 C:\Users\jonat\Downloads\arm-gnu-toolchain-15.2.rel1-mingw-w64-x86_64-arm-none-eabi\arm-none-eabi\lib\thumb\v6-m\nofp\libc_nano.a(libc_a-memset.o)
 .data          0x2000006c        0x0 C:\Users\jonat\Downloads\arm-gnu-toolchain-15.2.rel1-mingw-w64-x86_64-arm-none-eabi\arm-none-eabi\lib\thumb\v6-m\nofp\libc_nano.a(libc_a-locale.o)
 .data.__global_locale
                0x2000006c      0x16c C:\Users\jonat\Downloads\arm-gnu-toolchain-15.2.rel1-mingw-w64-x86_64-arm-none-eabi\arm-none-eabi\lib\thumb\v6-m\nofp\libc_nano.a(libc_a-locale.o)
                0x2000006c                __global_locale
 .data          0x200001d8        0x0 C:\Users\jonat\Downloads\arm-gnu-toolchain-15.2.rel1-mingw-w64-x86_64-arm-none-eabi\arm-none-eabi\lib\thumb\v6-m\nofp\libc_nano.a(libc_a-closer.o)
 .data          0x200001d8        0x0 C:\Users\jonat\Downloads\arm-gnu-toolchain-15.2.rel1-mingw-w64-x86_64-arm-none-eabi\arm-none-eabi\lib\thumb\v6-m\nofp\libc_nano.a(libc_a-lseekr.o)
 .data          0x200001d8        0x0 C:\Users\jonat\Downloads\arm-gnu-toolchain-15.2.rel1-mingw-w64-x86_64-arm-none-eabi\arm-none-eabi\lib\thumb\v6-m\nofp\libc_nano.a(libc_a-readr.o)
 .data          0x200001d8        0x0 C:\Users\jonat\Downloads\arm-gnu-toolchain-15.2.rel1-mingw-w64-x86_64-arm-none-eabi\arm-none-eabi\lib\thumb\v6-m\nofp\libc_nano.a(libc_a-sbrkr.o)
 .data          0x200001d8        0x0 C:\Users\jonat\Downloads\arm-gnu-toolchain-15.2.rel1-mingw-w64-x86_64-arm-none-eabi\arm-none-eabi\lib\thumb\v6-m\nofp\libc_nano.a(libc_a-writer.o)
 .data          0x200001d8        0x0 C:\Users\jonat\Downloads\arm-gnu-toolchain-15.2.rel1-mingw-w64-x86_64-arm-none-eabi\arm-none-eabi\lib\thumb\v6-m\nofp\libc_nano.a(libc_a-lock.o)
 .data          0x200001d8        0x0 C:\Users\jonat\Downloads\arm-gnu-toolchain-15.2.rel1-mingw-w64-x86_64-arm-none-eabi\arm-none-eabi\lib\thumb\v6-m\nofp\libc_nano.a(libc_a-strcmp.o)
 .data          0x200001d8        0x0 C:\Users\jonat\Downloads\arm-gnu-toolchain-15.2.rel1-mingw-w64-x86_64-arm-none-eabi\arm-none-eabi\lib\thumb\v6-m\nofp\libc_nano.a(libc_a-assert.o)
 .data          0x200001d8        0x0 C:\Users\jonat\Downloads\arm-gnu-toolchain-15.2.rel1-mingw-w64-x86_64-arm-none-eabi\arm-none-eabi\lib\thumb\v6-m\nofp\libc_nano.a(libc_a-callocr.o)
 .data          0x200001d8        0x0 C:\Users\jonat\Downloads\arm-gnu-toolchain-15.2.rel1-mingw-w64-x86_64-arm-none-eabi\arm-none-eabi\lib\thumb\v6-m\nofp\libc_nano.a(libc_a-freer.o)
 .data          0x200001d8        0x0 C:\Users\jonat\Downloads\arm-gnu-toolchain-15.2.rel1-mingw-w64-x86_64-arm-none-eabi\arm-none-eabi\lib\thumb\v6-m\nofp\libc_nano.a(libc_a-mbtowc_r.o)
 .data          0x200001d8        0x0 C:\Users\jonat\Downloads\arm-gnu-toolchain-15.2.rel1-mingw-w64-x86_64-arm-none-eabi\arm-none-eabi\lib\thumb\v6-m\nofp\libc_nano.a(libc_a-reallocr.o)
 .data          0x200001d8        0x0 C:\Users\jonat\Downloads\arm-gnu-toolchain-15.2.rel1-mingw-w64-x86_64-arm-none-eabi\arm-none-eabi\lib\thumb\v6-m\nofp\libc_nano.a(libc_a-wctomb_r.o)
 .data          0x200001d8        0x0 C:\Users\jonat\Downloads\arm-gnu-toolchain-15.2.rel1-mingw-w64-x86_64-arm-none-eabi\arm-none-eabi\lib\thumb\v6-m\nofp\libc_nano.a(libc_a-ctype_.o)
 .data          0x200001d8        0x0 C:\Users\jonat\Downloads\arm-gnu-toolchain-15.2.rel1-mingw-w64-x86_64-arm-none-eabi\arm-none-eabi\lib\thumb\v6-m\nofp\libc_nano.a(libc_a-fflush.o)
 .data          0x200001d8        0x0 C:\Users\jonat\Downloads\arm-gnu-toolchain-15.2.rel1-mingw-w64-x86_64-arm-none-eabi\arm-none-eabi\lib\thumb\v6-m\nofp\libc_nano.a(libc_a-fprintf.o)
 .data          0x200001d8        0x0 C:\Users\jonat\Downloads\arm-gnu-toolchain-15.2.rel1-mingw-w64-x86_64-arm-none-eabi\arm-none-eabi\lib\thumb\v6-m\nofp\libc_nano.a(libc_a-makebuf.o)
 .data          0x200001d8        0x0 C:\Users\jonat\Downloads\arm-gnu-toolchain-15.2.rel1-mingw-w64-x86_64-arm-none-eabi\arm-none-eabi\lib\thumb\v6-m\nofp\libc_nano.a(libc_a-fstatr.o)
 .data          0x200001d8        0x0 C:\Users\jonat\Downloads\arm-gnu-toolchain-15.2.rel1-mingw-w64-x86_64-arm-none-eabi\arm-none-eabi\lib\thumb\v6-m\nofp\libc_nano.a(libc_a-isattyr.o)
 .data          0x200001d8        0x0 C:\Users\jonat\Downloads\arm-gnu-toolchain-15.2.rel1-mingw-w64-x86_64-arm-none-eabi\arm-none-eabi\lib\thumb\v6-m\nofp\libc_nano.a(libc_a-abort.o)
 .data          0x200001d8        0x0 C:\Users\jonat\Downloads\arm-gnu-toolchain-15.2.rel1-mingw-w64-x86_64-arm-none-eabi\arm-none-eabi\lib\thumb\v6-m\nofp\libc_nano.a(libc_a-msizer.o)
 .data          0x200001d8        0x0 C:\Users\jonat\Downloads\arm-gnu-toolchain-15.2.rel1-mingw-w64-x86_64-arm-none-eabi\arm-none-eabi\lib\thumb\v6-m\nofp\libc_nano.a(libc_a-signal.o)
 .data          0x200001d8        0x0 C:\Users\jonat\Downloads\arm-gnu-toolchain-15.2.rel1-mingw-w64-x86_64-arm-none-eabi\arm-none-eabi\lib\thumb\v6-m\nofp\libc_nano.a(libc_a-signalr.o)
 .data          0x200001d8        0x0 C:\Users\jonat\Downloads\arm-gnu-toolchain-15.2.rel1-mingw-w64-x86_64-arm-none-eabi\lib\gcc\arm-none-eabi\15.2.1\thumb\v6-m\nofp\libgcc.a(_thumb1_case_uqi.o)
 .data          0x200001d8        0x0 C:\Users\jonat\Downloads\arm-gnu-toolchain-15.2.rel1-mingw-w64-x86_64-arm-none-eabi\lib\gcc\arm-none-eabi\15.2.1\thumb\v6-m\nofp\libgcc.a(_thumb1_case_shi.o)
 .data          0x200001d8        0x0 C:\Users\jonat\Downloads\arm-gnu-toolchain-15.2.rel1-mingw-w64-x86_64-arm-none-eabi\lib\gcc\arm-none-eabi\15.2.1\thumb\v6-m\nofp\libgcc.a(_udivsi3.o)
 .data          0x200001d8        0x0 C:\Users\jonat\Downloads\arm-gnu-toolchain-15.2.rel1-mingw-w64-x86_64-arm-none-eabi\lib\gcc\arm-none-eabi\15.2.1\thumb\v6-m\nofp\libgcc.a(_arm_cmpdf2.o)
 .data          0x200001d8        0x0 C:\Users\jonat\Downloads\arm-gnu-toolchain-15.2.rel1-mingw-w64-x86_64-arm-none-eabi\lib\gcc\arm-none-eabi\15.2.1\thumb\v6-m\nofp\libgcc.a(adddf3.o)
 .data          0x200001d8        0x0 C:\Users\jonat\Downloads\arm-gnu-toolchain-15.2.rel1-mingw-w64-x86_64-arm-none-eabi\lib\gcc\arm-none-eabi\15.2.1\thumb\v6-m\nofp\libgcc.a(divdf3.o)
 .data          0x200001d8        0x0 C:\Users\jonat\Downloads\arm-gnu-toolchain-15.2.rel1-mingw-w64-x86_64-arm-none-eabi\lib\gcc\arm-none-eabi\15.2.1\thumb\v6-m\nofp\libgcc.a(eqdf2.o)
 .data          0x200001d8        0x0 C:\Users\jonat\Downloads\arm-gnu-toolchain-15.2.rel1-mingw-w64-x86_64-arm-none-eabi\lib\gcc\arm-none-eabi\15.2.1\thumb\v6-m\nofp\libgcc.a(gedf2.o)
 .data          0x200001d8        0x0 C:\Users\jonat\Downloads\arm-gnu-toolchain-15.2.rel1-mingw-w64-x86_64-arm-none-eabi\lib\gcc\arm-none-eabi\15.2.1\thumb\v6-m\nofp\libgcc.a(ledf2.o)
 .data          0x200001d8        0x0 C:\Users\jonat\Downloads\arm-gnu-toolchain-15.2.rel1-mingw-w64-x86_64-arm-none-eabi\lib\gcc\arm-none-eabi\15.2.1\thumb\v6-m\nofp\libgcc.a(muldf3.o)
 .data          0x200001d8        0x0 C:\Users\jonat\Downloads\arm-gnu-toolchain-15.2.rel1-mingw-w64-x86_64-arm-none-eabi\lib\gcc\arm-none-eabi\15.2.1\thumb\v6-m\nofp\libgcc.a(subdf3.o)
 .data          0x200001d8        0x0 C:\Users\jonat\Downloads\arm-gnu-toolchain-15.2.rel1-mingw-w64-x86_64-arm-none-eabi\lib\gcc\arm-none-eabi\15.2.1\thumb\v6-m\nofp\libgcc.a(unorddf2.o)
 .data          0x200001d8        0x0 C:\Users\jonat\Downloads\arm-gnu-toolchain-15.2.rel1-mingw-w64-x86_64-arm-none-eabi\lib\gcc\arm-none-eabi\15.2.1\thumb\v6-m\nofp\libgcc.a(fixdfsi.o)
 .data          0x200001d8        0x0 C:\Users\jonat\Downloads\arm-gnu-toolchain-15.2.rel1-mingw-w64-x86_64-arm-none-eabi\lib\gcc\arm-none-eabi\15.2.1\thumb\v6-m\nofp\libgcc.a(floatsidf.o)
 .data          0x200001d8        0x0 C:\Users\jonat\Downloads\arm-gnu-toolchain-15.2.rel1-mingw-w64-x86_64-arm-none-eabi\lib\gcc\arm-none-eabi\15.2.1\thumb\v6-m\nofp\libgcc.a(floatunsidf.o)
 .data          0x200001d8        0x0 C:\Users\jonat\Downloads\arm-gnu-toolchain-15.2.rel1-mingw-w64-x86_64-arm-none-eabi\lib\gcc\arm-none-eabi\15.2.1\thumb\v6-m\nofp\libgcc.a(_clzsi2.o)
                0x200001d8                        . = ALIGN (0x4)
                0x200001d8                        _edata = .

.igot.plt       0x200001d8        0x0 load address 0x0800a164
 .igot.plt      0x200001d8        0x0 main.o

.bss            0x200001d8      0x690 load address 0x0800a164
                0x200001d8                        _bss = .
 *(.bss*)
 .bss           0x200001d8      0x490 main.o
                0x200001d8                msTicks
                0x20000628                StartTime
                0x2000062a                MeasuredWidth
                0x2000062c                STATE
                0x20000630                BitCount
                0x20000634                ir_command
                0x20000638                NewData_flag
 .bss           0x20000668        0x0 tof_sensors.o
 .bss           0x20000668        0x0 startup.o
 .bss           0x20000668       0xa4 serial.o
                0x20000668                ComRXBuffer
                0x200006b4                ComTXBuffer
                0x20000700                ComOpen
                0x20000704                ComError
                0x20000708                ComBusy
 .bss           0x2000070c        0x8 newlib_stubs.o
                0x2000070c                __env
 .bss           0x20000714        0x0 C:\Users\jonat\Downloads\arm-gnu-toolchain-15.2.rel1-mingw-w64-x86_64-arm-none-eabi\arm-none-eabi\lib\thumb\v6-m\nofp\libnosys.a(errno.o)
 .bss.errno     0x20000714        0x4 C:\Users\jonat\Downloads\arm-gnu-toolchain-15.2.rel1-mingw-w64-x86_64-arm-none-eabi\arm-none-eabi\lib\thumb\v6-m\nofp\libnosys.a(errno.o)
                0x20000714                errno
 .bss           0x20000718        0x0 C:\Users\jonat\Downloads\arm-gnu-toolchain-15.2.rel1-mingw-w64-x86_64-arm-none-eabi\lib\gcc\arm-none-eabi\15.2.1\thumb\v6-m\nofp\libgcc.a(_divsi3.o)
 .bss           0x20000718        0x0 C:\Users\jonat\Downloads\arm-gnu-toolchain-15.2.rel1-mingw-w64-x86_64-arm-none-eabi\lib\gcc\arm-none-eabi\15.2.1\thumb\v6-m\nofp\libgcc.a(_dvmd_tls.o)
 .bss           0x20000718        0x0 C:\Users\jonat\Downloads\arm-gnu-toolchain-15.2.rel1-mingw-w64-x86_64-arm-none-eabi\arm-none-eabi\lib\thumb\v6-m\nofp\libc_nano.a(libc_a-nano-vfprintf_float.o)
 .bss           0x20000718        0x0 C:\Users\jonat\Downloads\arm-gnu-toolchain-15.2.rel1-mingw-w64-x86_64-arm-none-eabi\arm-none-eabi\lib\thumb\v6-m\nofp\libc_nano.a(libc_a-nano-vfprintf_i.o)
 .bss           0x20000718        0x0 C:\Users\jonat\Downloads\arm-gnu-toolchain-15.2.rel1-mingw-w64-x86_64-arm-none-eabi\arm-none-eabi\lib\thumb\v6-m\nofp\libc_nano.a(libc_a-printf.o)
 .bss           0x20000718        0x0 C:\Users\jonat\Downloads\arm-gnu-toolchain-15.2.rel1-mingw-w64-x86_64-arm-none-eabi\arm-none-eabi\lib\thumb\v6-m\nofp\libc_nano.a(libc_a-localeconv.o)
 .bss           0x20000718        0x0 C:\Users\jonat\Downloads\arm-gnu-toolchain-15.2.rel1-mingw-w64-x86_64-arm-none-eabi\arm-none-eabi\lib\thumb\v6-m\nofp\libc_nano.a(libc_a-impure.o)
 .bss           0x20000718        0x0 C:\Users\jonat\Downloads\arm-gnu-toolchain-15.2.rel1-mingw-w64-x86_64-arm-none-eabi\arm-none-eabi\lib\thumb\v6-m\nofp\libc_nano.a(libc_a-memchr-stub.o)
 .bss           0x20000718        0x0 C:\Users\jonat\Downloads\arm-gnu-toolchain-15.2.rel1-mingw-w64-x86_64-arm-none-eabi\arm-none-eabi\lib\thumb\v6-m\nofp\libc_nano.a(libc_a-memcpy-stub.o)
 .bss           0x20000718        0x0 C:\Users\jonat\Downloads\arm-gnu-toolchain-15.2.rel1-mingw-w64-x86_64-arm-none-eabi\arm-none-eabi\lib\thumb\v6-m\nofp\libc_nano.a(libc_a-strlen.o)
 .bss           0x20000718        0x0 C:\Users\jonat\Downloads\arm-gnu-toolchain-15.2.rel1-mingw-w64-x86_64-arm-none-eabi\arm-none-eabi\lib\thumb\v6-m\nofp\libc_nano.a(libc_a-dtoa.o)
 .bss           0x20000718        0x0 C:\Users\jonat\Downloads\arm-gnu-toolchain-15.2.rel1-mingw-w64-x86_64-arm-none-eabi\arm-none-eabi\lib\thumb\v6-m\nofp\libc_nano.a(libc_a-malloc.o)
 .bss           0x20000718        0x0 C:\Users\jonat\Downloads\arm-gnu-toolchain-15.2.rel1-mingw-w64-x86_64-arm-none-eabi\arm-none-eabi\lib\thumb\v6-m\nofp\libc_nano.a(libc_a-mallocr.o)
 .bss.__malloc_sbrk_start
                0x20000718        0x4 C:\Users\jonat\Downloads\arm-gnu-toolchain-15.2.rel1-mingw-w64-x86_64-arm-none-eabi\arm-none-eabi\lib\thumb\v6-m\nofp\libc_nano.a(libc_a-mallocr.o)
                0x20000718                __malloc_sbrk_start
 .bss.__malloc_free_list
                0x2000071c        0x4 C:\Users\jonat\Downloads\arm-gnu-toolchain-15.2.rel1-mingw-w64-x86_64-arm-none-eabi\arm-none-eabi\lib\thumb\v6-m\nofp\libc_nano.a(libc_a-mallocr.o)
                0x2000071c                __malloc_free_list
 .bss           0x20000720        0x0 C:\Users\jonat\Downloads\arm-gnu-toolchain-15.2.rel1-mingw-w64-x86_64-arm-none-eabi\arm-none-eabi\lib\thumb\v6-m\nofp\libc_nano.a(libc_a-mlock.o)
 .bss           0x20000720        0x0 C:\Users\jonat\Downloads\arm-gnu-toolchain-15.2.rel1-mingw-w64-x86_64-arm-none-eabi\arm-none-eabi\lib\thumb\v6-m\nofp\libc_nano.a(libc_a-mprec.o)
 .bss           0x20000720        0x0 C:\Users\jonat\Downloads\arm-gnu-toolchain-15.2.rel1-mingw-w64-x86_64-arm-none-eabi\arm-none-eabi\lib\thumb\v6-m\nofp\libc_nano.a(libc_a-nano-vfprintf.o)
 .bss           0x20000720        0x0 C:\Users\jonat\Downloads\arm-gnu-toolchain-15.2.rel1-mingw-w64-x86_64-arm-none-eabi\arm-none-eabi\lib\thumb\v6-m\nofp\libc_nano.a(libc_a-findfp.o)
 .bss.__sf      0x20000720      0x138 C:\Users\jonat\Downloads\arm-gnu-toolchain-15.2.rel1-mingw-w64-x86_64-arm-none-eabi\arm-none-eabi\lib\thumb\v6-m\nofp\libc_nano.a(libc_a-findfp.o)
                0x20000720                __sf
 .bss.__stdio_exit_handler
                0x20000858        0x4 C:\Users\jonat\Downloads\arm-gnu-toolchain-15.2.rel1-mingw-w64-x86_64-arm-none-eabi\arm-none-eabi\lib\thumb\v6-m\nofp\libc_nano.a(libc_a-findfp.o)
                0x20000858                __stdio_exit_handler
 .bss           0x2000085c        0x0 C:\Users\jonat\Downloads\arm-gnu-toolchain-15.2.rel1-mingw-w64-x86_64-arm-none-eabi\arm-none-eabi\lib\thumb\v6-m\nofp\libc_nano.a(libc_a-fvwrite.o)
 .bss           0x2000085c        0x0 C:\Users\jonat\Downloads\arm-gnu-toolchain-15.2.rel1-mingw-w64-x86_64-arm-none-eabi\arm-none-eabi\lib\thumb\v6-m\nofp\libc_nano.a(libc_a-fwalk.o)
 .bss           0x2000085c        0x0 C:\Users\jonat\Downloads\arm-gnu-toolchain-15.2.rel1-mingw-w64-x86_64-arm-none-eabi\arm-none-eabi\lib\thumb\v6-m\nofp\libc_nano.a(libc_a-stdio.o)
 .bss           0x2000085c        0x0 C:\Users\jonat\Downloads\arm-gnu-toolchain-15.2.rel1-mingw-w64-x86_64-arm-none-eabi\arm-none-eabi\lib\thumb\v6-m\nofp\libc_nano.a(libc_a-wbuf.o)
 .bss           0x2000085c        0x0 C:\Users\jonat\Downloads\arm-gnu-toolchain-15.2.rel1-mingw-w64-x86_64-arm-none-eabi\arm-none-eabi\lib\thumb\v6-m\nofp\libc_nano.a(libc_a-wsetup.o)
 .bss           0x2000085c        0x0 C:\Users\jonat\Downloads\arm-gnu-toolchain-15.2.rel1-mingw-w64-x86_64-arm-none-eabi\arm-none-eabi\lib\thumb\v6-m\nofp\libc_nano.a(libc_a-memmove.o)
 .bss           0x2000085c        0x0 C:\Users\jonat\Downloads\arm-gnu-toolchain-15.2.rel1-mingw-w64-x86_64-arm-none-eabi\arm-none-eabi\lib\thumb\v6-m\nofp\libc_nano.a(libc_a-memset.o)
 .bss           0x2000085c        0x0 C:\Users\jonat\Downloads\arm-gnu-toolchain-15.2.rel1-mingw-w64-x86_64-arm-none-eabi\arm-none-eabi\lib\thumb\v6-m\nofp\libc_nano.a(libc_a-locale.o)
 .bss._PathLocale
                0x2000085c        0x4 C:\Users\jonat\Downloads\arm-gnu-toolchain-15.2.rel1-mingw-w64-x86_64-arm-none-eabi\arm-none-eabi\lib\thumb\v6-m\nofp\libc_nano.a(libc_a-locale.o)
                0x2000085c                _PathLocale
 .bss           0x20000860        0x0 C:\Users\jonat\Downloads\arm-gnu-toolchain-15.2.rel1-mingw-w64-x86_64-arm-none-eabi\arm-none-eabi\lib\thumb\v6-m\nofp\libc_nano.a(libc_a-closer.o)
 .bss           0x20000860        0x0 C:\Users\jonat\Downloads\arm-gnu-toolchain-15.2.rel1-mingw-w64-x86_64-arm-none-eabi\arm-none-eabi\lib\thumb\v6-m\nofp\libc_nano.a(libc_a-lseekr.o)
 .bss           0x20000860        0x0 C:\Users\jonat\Downloads\arm-gnu-toolchain-15.2.rel1-mingw-w64-x86_64-arm-none-eabi\arm-none-eabi\lib\thumb\v6-m\nofp\libc_nano.a(libc_a-readr.o)
 .bss           0x20000860        0x0 C:\Users\jonat\Downloads\arm-gnu-toolchain-15.2.rel1-mingw-w64-x86_64-arm-none-eabi\arm-none-eabi\lib\thumb\v6-m\nofp\libc_nano.a(libc_a-sbrkr.o)
 .bss           0x20000860        0x0 C:\Users\jonat\Downloads\arm-gnu-toolchain-15.2.rel1-mingw-w64-x86_64-arm-none-eabi\arm-none-eabi\lib\thumb\v6-m\nofp\libc_nano.a(libc_a-writer.o)
 .bss           0x20000860        0x0 C:\Users\jonat\Downloads\arm-gnu-toolchain-15.2.rel1-mingw-w64-x86_64-arm-none-eabi\arm-none-eabi\lib\thumb\v6-m\nofp\libc_nano.a(libc_a-lock.o)
 .bss.__lock___arc4random_mutex
                0x20000860        0x1 C:\Users\jonat\Downloads\arm-gnu-toolchain-15.2.rel1-mingw-w64-x86_64-arm-none-eabi\arm-none-eabi\lib\thumb\v6-m\nofp\libc_nano.a(libc_a-lock.o)
                0x20000860                __lock___arc4random_mutex
 .bss.__lock___dd_hash_mutex
                0x20000861        0x1 C:\Users\jonat\Downloads\arm-gnu-toolchain-15.2.rel1-mingw-w64-x86_64-arm-none-eabi\arm-none-eabi\lib\thumb\v6-m\nofp\libc_nano.a(libc_a-lock.o)
                0x20000861                __lock___dd_hash_mutex
 .bss.__lock___tz_mutex
                0x20000862        0x1 C:\Users\jonat\Downloads\arm-gnu-toolchain-15.2.rel1-mingw-w64-x86_64-arm-none-eabi\arm-none-eabi\lib\thumb\v6-m\nofp\libc_nano.a(libc_a-lock.o)
                0x20000862                __lock___tz_mutex
 .bss.__lock___env_recursive_mutex
                0x20000863        0x1 C:\Users\jonat\Downloads\arm-gnu-toolchain-15.2.rel1-mingw-w64-x86_64-arm-none-eabi\arm-none-eabi\lib\thumb\v6-m\nofp\libc_nano.a(libc_a-lock.o)
                0x20000863                __lock___env_recursive_mutex
 .bss.__lock___malloc_recursive_mutex
                0x20000864        0x1 C:\Users\jonat\Downloads\arm-gnu-toolchain-15.2.rel1-mingw-w64-x86_64-arm-none-eabi\arm-none-eabi\lib\thumb\v6-m\nofp\libc_nano.a(libc_a-lock.o)
                0x20000864                __lock___malloc_recursive_mutex
 .bss.__lock___at_quick_exit_mutex
                0x20000865        0x1 C:\Users\jonat\Downloads\arm-gnu-toolchain-15.2.rel1-mingw-w64-x86_64-arm-none-eabi\arm-none-eabi\lib\thumb\v6-m\nofp\libc_nano.a(libc_a-lock.o)
                0x20000865                __lock___at_quick_exit_mutex
 .bss.__lock___atexit_recursive_mutex
                0x20000866        0x1 C:\Users\jonat\Downloads\arm-gnu-toolchain-15.2.rel1-mingw-w64-x86_64-arm-none-eabi\arm-none-eabi\lib\thumb\v6-m\nofp\libc_nano.a(libc_a-lock.o)
                0x20000866                __lock___atexit_recursive_mutex
 .bss.__lock___sfp_recursive_mutex
                0x20000867        0x1 C:\Users\jonat\Downloads\arm-gnu-toolchain-15.2.rel1-mingw-w64-x86_64-arm-none-eabi\arm-none-eabi\lib\thumb\v6-m\nofp\libc_nano.a(libc_a-lock.o)
                0x20000867                __lock___sfp_recursive_mutex
 .bss           0x20000868        0x0 C:\Users\jonat\Downloads\arm-gnu-toolchain-15.2.rel1-mingw-w64-x86_64-arm-none-eabi\arm-none-eabi\lib\thumb\v6-m\nofp\libc_nano.a(libc_a-strcmp.o)
 .bss           0x20000868        0x0 C:\Users\jonat\Downloads\arm-gnu-toolchain-15.2.rel1-mingw-w64-x86_64-arm-none-eabi\arm-none-eabi\lib\thumb\v6-m\nofp\libc_nano.a(libc_a-assert.o)
 .bss           0x20000868        0x0 C:\Users\jonat\Downloads\arm-gnu-toolchain-15.2.rel1-mingw-w64-x86_64-arm-none-eabi\arm-none-eabi\lib\thumb\v6-m\nofp\libc_nano.a(libc_a-callocr.o)
 .bss           0x20000868        0x0 C:\Users\jonat\Downloads\arm-gnu-toolchain-15.2.rel1-mingw-w64-x86_64-arm-none-eabi\arm-none-eabi\lib\thumb\v6-m\nofp\libc_nano.a(libc_a-freer.o)
 .bss           0x20000868        0x0 C:\Users\jonat\Downloads\arm-gnu-toolchain-15.2.rel1-mingw-w64-x86_64-arm-none-eabi\arm-none-eabi\lib\thumb\v6-m\nofp\libc_nano.a(libc_a-mbtowc_r.o)
 .bss           0x20000868        0x0 C:\Users\jonat\Downloads\arm-gnu-toolchain-15.2.rel1-mingw-w64-x86_64-arm-none-eabi\arm-none-eabi\lib\thumb\v6-m\nofp\libc_nano.a(libc_a-reallocr.o)
 .bss           0x20000868        0x0 C:\Users\jonat\Downloads\arm-gnu-toolchain-15.2.rel1-mingw-w64-x86_64-arm-none-eabi\arm-none-eabi\lib\thumb\v6-m\nofp\libc_nano.a(libc_a-wctomb_r.o)
 .bss           0x20000868        0x0 C:\Users\jonat\Downloads\arm-gnu-toolchain-15.2.rel1-mingw-w64-x86_64-arm-none-eabi\arm-none-eabi\lib\thumb\v6-m\nofp\libc_nano.a(libc_a-ctype_.o)
 .bss           0x20000868        0x0 C:\Users\jonat\Downloads\arm-gnu-toolchain-15.2.rel1-mingw-w64-x86_64-arm-none-eabi\arm-none-eabi\lib\thumb\v6-m\nofp\libc_nano.a(libc_a-fflush.o)
 .bss           0x20000868        0x0 C:\Users\jonat\Downloads\arm-gnu-toolchain-15.2.rel1-mingw-w64-x86_64-arm-none-eabi\arm-none-eabi\lib\thumb\v6-m\nofp\libc_nano.a(libc_a-fprintf.o)
 .bss           0x20000868        0x0 C:\Users\jonat\Downloads\arm-gnu-toolchain-15.2.rel1-mingw-w64-x86_64-arm-none-eabi\arm-none-eabi\lib\thumb\v6-m\nofp\libc_nano.a(libc_a-makebuf.o)
 .bss           0x20000868        0x0 C:\Users\jonat\Downloads\arm-gnu-toolchain-15.2.rel1-mingw-w64-x86_64-arm-none-eabi\arm-none-eabi\lib\thumb\v6-m\nofp\libc_nano.a(libc_a-fstatr.o)
 .bss           0x20000868        0x0 C:\Users\jonat\Downloads\arm-gnu-toolchain-15.2.rel1-mingw-w64-x86_64-arm-none-eabi\arm-none-eabi\lib\thumb\v6-m\nofp\libc_nano.a(libc_a-isattyr.o)
 .bss           0x20000868        0x0 C:\Users\jonat\Downloads\arm-gnu-toolchain-15.2.rel1-mingw-w64-x86_64-arm-none-eabi\arm-none-eabi\lib\thumb\v6-m\nofp\libc_nano.a(libc_a-abort.o)
 .bss           0x20000868        0x0 C:\Users\jonat\Downloads\arm-gnu-toolchain-15.2.rel1-mingw-w64-x86_64-arm-none-eabi\arm-none-eabi\lib\thumb\v6-m\nofp\libc_nano.a(libc_a-msizer.o)
 .bss           0x20000868        0x0 C:\Users\jonat\Downloads\arm-gnu-toolchain-15.2.rel1-mingw-w64-x86_64-arm-none-eabi\arm-none-eabi\lib\thumb\v6-m\nofp\libc_nano.a(libc_a-signal.o)
 .bss           0x20000868        0x0 C:\Users\jonat\Downloads\arm-gnu-toolchain-15.2.rel1-mingw-w64-x86_64-arm-none-eabi\arm-none-eabi\lib\thumb\v6-m\nofp\libc_nano.a(libc_a-signalr.o)
 .bss           0x20000868        0x0 C:\Users\jonat\Downloads\arm-gnu-toolchain-15.2.rel1-mingw-w64-x86_64-arm-none-eabi\lib\gcc\arm-none-eabi\15.2.1\thumb\v6-m\nofp\libgcc.a(_thumb1_case_uqi.o)
 .bss           0x20000868        0x0 C:\Users\jonat\Downloads\arm-gnu-toolchain-15.2.rel1-mingw-w64-x86_64-arm-none-eabi\lib\gcc\arm-none-eabi\15.2.1\thumb\v6-m\nofp\libgcc.a(_thumb1_case_shi.o)
 .bss           0x20000868        0x0 C:\Users\jonat\Downloads\arm-gnu-toolchain-15.2.rel1-mingw-w64-x86_64-arm-none-eabi\lib\gcc\arm-none-eabi\15.2.1\thumb\v6-m\nofp\libgcc.a(_udivsi3.o)
 .bss           0x20000868        0x0 C:\Users\jonat\Downloads\arm-gnu-toolchain-15.2.rel1-mingw-w64-x86_64-arm-none-eabi\lib\gcc\arm-none-eabi\15.2.1\thumb\v6-m\nofp\libgcc.a(_arm_cmpdf2.o)
 .bss           0x20000868        0x0 C:\Users\jonat\Downloads\arm-gnu-toolchain-15.2.rel1-mingw-w64-x86_64-arm-none-eabi\lib\gcc\arm-none-eabi\15.2.1\thumb\v6-m\nofp\libgcc.a(adddf3.o)
 .bss           0x20000868        0x0 C:\Users\jonat\Downloads\arm-gnu-toolchain-15.2.rel1-mingw-w64-x86_64-arm-none-eabi\lib\gcc\arm-none-eabi\15.2.1\thumb\v6-m\nofp\libgcc.a(divdf3.o)
 .bss           0x20000868        0x0 C:\Users\jonat\Downloads\arm-gnu-toolchain-15.2.rel1-mingw-w64-x86_64-arm-none-eabi\lib\gcc\arm-none-eabi\15.2.1\thumb\v6-m\nofp\libgcc.a(eqdf2.o)
 .bss           0x20000868        0x0 C:\Users\jonat\Downloads\arm-gnu-toolchain-15.2.rel1-mingw-w64-x86_64-arm-none-eabi\lib\gcc\arm-none-eabi\15.2.1\thumb\v6-m\nofp\libgcc.a(gedf2.o)
 .bss           0x20000868        0x0 C:\Users\jonat\Downloads\arm-gnu-toolchain-15.2.rel1-mingw-w64-x86_64-arm-none-eabi\lib\gcc\arm-none-eabi\15.2.1\thumb\v6-m\nofp\libgcc.a(ledf2.o)
 .bss           0x20000868        0x0 C:\Users\jonat\Downloads\arm-gnu-toolchain-15.2.rel1-mingw-w64-x86_64-arm-none-eabi\lib\gcc\arm-none-eabi\15.2.1\thumb\v6-m\nofp\libgcc.a(muldf3.o)
 .bss           0x20000868        0x0 C:\Users\jonat\Downloads\arm-gnu-toolchain-15.2.rel1-mingw-w64-x86_64-arm-none-eabi\lib\gcc\arm-none-eabi\15.2.1\thumb\v6-m\nofp\libgcc.a(subdf3.o)
 .bss           0x20000868        0x0 C:\Users\jonat\Downloads\arm-gnu-toolchain-15.2.rel1-mingw-w64-x86_64-arm-none-eabi\lib\gcc\arm-none-eabi\15.2.1\thumb\v6-m\nofp\libgcc.a(unorddf2.o)
 .bss           0x20000868        0x0 C:\Users\jonat\Downloads\arm-gnu-toolchain-15.2.rel1-mingw-w64-x86_64-arm-none-eabi\lib\gcc\arm-none-eabi\15.2.1\thumb\v6-m\nofp\libgcc.a(fixdfsi.o)
 .bss           0x20000868        0x0 C:\Users\jonat\Downloads\arm-gnu-toolchain-15.2.rel1-mingw-w64-x86_64-arm-none-eabi\lib\gcc\arm-none-eabi\15.2.1\thumb\v6-m\nofp\libgcc.a(floatsidf.o)
 .bss           0x20000868        0x0 C:\Users\jonat\Downloads\arm-gnu-toolchain-15.2.rel1-mingw-w64-x86_64-arm-none-eabi\lib\gcc\arm-none-eabi\15.2.1\thumb\v6-m\nofp\libgcc.a(floatunsidf.o)
 .bss           0x20000868        0x0 C:\Users\jonat\Downloads\arm-gnu-toolchain-15.2.rel1-mingw-w64-x86_64-arm-none-eabi\lib\gcc\arm-none-eabi\15.2.1\thumb\v6-m\nofp\libgcc.a(_clzsi2.o)
 *(COMMON)
                0x20000868                        . = ALIGN (0x4)
                0x20000868                        _ebss = .
                [!provide]                        PROVIDE (end = .)
                0x20000868                        PROVIDE (_HeapStart = .)
                0x20002000                        PROVIDE (_StackTop = (ORIGIN (ram) + LENGTH (ram)))
OUTPUT(main.elf elf32-littlearm)
LOAD linker stubs

.debug_info     0x00000000     0x30a4
 .debug_info    0x00000000     0x15d4 main.o
 .debug_info    0x000015d4      0x88e tof_sensors.o
 .debug_info    0x00001e62      0x396 startup.o
 .debug_info    0x000021f8      0x7a3 serial.o
 .debug_info    0x0000299b      0x709 newlib_stubs.o

.debug_abbrev   0x00000000      0xbc4
 .debug_abbrev  0x00000000      0x3a8 main.o
 .debug_abbrev  0x000003a8      0x28b tof_sensors.o
 .debug_abbrev  0x00000633      0x1c8 startup.o
 .debug_abbrev  0x000007fb      0x20e serial.o
 .debug_abbrev  0x00000a09      0x1bb newlib_stubs.o

.debug_aranges  0x00000000       0xa8
 .debug_aranges
                0x00000000       0x20 main.o
 .debug_aranges
                0x00000020       0x20 tof_sensors.o
 .debug_aranges
                0x00000040       0x28 startup.o
 .debug_aranges
                0x00000068       0x20 serial.o
 .debug_aranges
                0x00000088       0x20 newlib_stubs.o

.debug_rnglists
                0x00000000       0x36
 .debug_rnglists
                0x00000000       0x1c main.o
 .debug_rnglists
                0x0000001c       0x1a startup.o

.debug_line     0x00000000     0x2a2f
 .debug_line    0x00000000     0x1379 main.o
 .debug_line    0x00001379      0xb80 tof_sensors.o
 .debug_line    0x00001ef9      0x2e7 startup.o
 .debug_line    0x000021e0      0x546 serial.o
 .debug_line    0x00002726      0x309 newlib_stubs.o

.debug_str      0x00000000     0x1509
 .debug_str     0x00000000     0x1509 main.o
                                0xf24 (size before relaxing)
 .debug_str     0x00001509        0x0 tof_sensors.o
                                0x556 (size before relaxing)
 .debug_str     0x00001509        0x0 startup.o
                                0x2cd (size before relaxing)
 .debug_str     0x00001509        0x0 serial.o
                                0x38c (size before relaxing)
 .debug_str     0x00001509        0x0 newlib_stubs.o
                                0x3be (size before relaxing)

.comment        0x00000000       0x45
 .comment       0x00000000       0x45 main.o
                                 0x46 (size before relaxing)
 .comment       0x00000045        0x0 tof_sensors.o
                                 0x46 (size before relaxing)
 .comment       0x00000045        0x0 startup.o
                                 0x46 (size before relaxing)
 .comment       0x00000045        0x0 serial.o
                                 0x46 (size before relaxing)
 .comment       0x00000045        0x0 newlib_stubs.o
                                 0x46 (size before relaxing)

.ARM.attributes
                0x00000000       0x2a
 .ARM.attributes
                0x00000000       0x2c main.o
 .ARM.attributes
                0x0000002c       0x2c tof_sensors.o
 .ARM.attributes
                0x00000058       0x2c startup.o
 .ARM.attributes
                0x00000084       0x2c serial.o
 .ARM.attributes
                0x000000b0       0x2c newlib_stubs.o
 .ARM.attributes
                0x000000dc       0x2c C:\Users\jonat\Downloads\arm-gnu-toolchain-15.2.rel1-mingw-w64-x86_64-arm-none-eabi\arm-none-eabi\lib\thumb\v6-m\nofp\libnosys.a(errno.o)
 .ARM.attributes
                0x00000108       0x1e C:\Users\jonat\Downloads\arm-gnu-toolchain-15.2.rel1-mingw-w64-x86_64-arm-none-eabi\lib\gcc\arm-none-eabi\15.2.1\thumb\v6-m\nofp\libgcc.a(_divsi3.o)
 .ARM.attributes
                0x00000126       0x1e C:\Users\jonat\Downloads\arm-gnu-toolchain-15.2.rel1-mingw-w64-x86_64-arm-none-eabi\lib\gcc\arm-none-eabi\15.2.1\thumb\v6-m\nofp\libgcc.a(_dvmd_tls.o)
 .ARM.attributes
                0x00000144       0x2c C:\Users\jonat\Downloads\arm-gnu-toolchain-15.2.rel1-mingw-w64-x86_64-arm-none-eabi\arm-none-eabi\lib\thumb\v6-m\nofp\libc_nano.a(libc_a-nano-vfprintf_float.o)
 .ARM.attributes
                0x00000170       0x2c C:\Users\jonat\Downloads\arm-gnu-toolchain-15.2.rel1-mingw-w64-x86_64-arm-none-eabi\arm-none-eabi\lib\thumb\v6-m\nofp\libc_nano.a(libc_a-nano-vfprintf_i.o)
 .ARM.attributes
                0x0000019c       0x2c C:\Users\jonat\Downloads\arm-gnu-toolchain-15.2.rel1-mingw-w64-x86_64-arm-none-eabi\arm-none-eabi\lib\thumb\v6-m\nofp\libc_nano.a(libc_a-printf.o)
 .ARM.attributes
                0x000001c8       0x2c C:\Users\jonat\Downloads\arm-gnu-toolchain-15.2.rel1-mingw-w64-x86_64-arm-none-eabi\arm-none-eabi\lib\thumb\v6-m\nofp\libc_nano.a(libc_a-localeconv.o)
 .ARM.attributes
                0x000001f4       0x2c C:\Users\jonat\Downloads\arm-gnu-toolchain-15.2.rel1-mingw-w64-x86_64-arm-none-eabi\arm-none-eabi\lib\thumb\v6-m\nofp\libc_nano.a(libc_a-impure.o)
 .ARM.attributes
                0x00000220       0x2c C:\Users\jonat\Downloads\arm-gnu-toolchain-15.2.rel1-mingw-w64-x86_64-arm-none-eabi\arm-none-eabi\lib\thumb\v6-m\nofp\libc_nano.a(libc_a-memchr-stub.o)
 .ARM.attributes
                0x0000024c       0x2c C:\Users\jonat\Downloads\arm-gnu-toolchain-15.2.rel1-mingw-w64-x86_64-arm-none-eabi\arm-none-eabi\lib\thumb\v6-m\nofp\libc_nano.a(libc_a-memcpy-stub.o)
 .ARM.attributes
                0x00000278       0x1c C:\Users\jonat\Downloads\arm-gnu-toolchain-15.2.rel1-mingw-w64-x86_64-arm-none-eabi\arm-none-eabi\lib\thumb\v6-m\nofp\libc_nano.a(libc_a-strlen.o)
 .ARM.attributes
                0x00000294       0x2c C:\Users\jonat\Downloads\arm-gnu-toolchain-15.2.rel1-mingw-w64-x86_64-arm-none-eabi\arm-none-eabi\lib\thumb\v6-m\nofp\libc_nano.a(libc_a-dtoa.o)
 .ARM.attributes
                0x000002c0       0x2c C:\Users\jonat\Downloads\arm-gnu-toolchain-15.2.rel1-mingw-w64-x86_64-arm-none-eabi\arm-none-eabi\lib\thumb\v6-m\nofp\libc_nano.a(libc_a-malloc.o)
 .ARM.attributes
                0x000002ec       0x2c C:\Users\jonat\Downloads\arm-gnu-toolchain-15.2.rel1-mingw-w64-x86_64-arm-none-eabi\arm-none-eabi\lib\thumb\v6-m\nofp\libc_nano.a(libc_a-mallocr.o)
 .ARM.attributes
                0x00000318       0x2c C:\Users\jonat\Downloads\arm-gnu-toolchain-15.2.rel1-mingw-w64-x86_64-arm-none-eabi\arm-none-eabi\lib\thumb\v6-m\nofp\libc_nano.a(libc_a-mlock.o)
 .ARM.attributes
                0x00000344       0x2c C:\Users\jonat\Downloads\arm-gnu-toolchain-15.2.rel1-mingw-w64-x86_64-arm-none-eabi\arm-none-eabi\lib\thumb\v6-m\nofp\libc_nano.a(libc_a-mprec.o)
 .ARM.attributes
                0x00000370       0x2c C:\Users\jonat\Downloads\arm-gnu-toolchain-15.2.rel1-mingw-w64-x86_64-arm-none-eabi\arm-none-eabi\lib\thumb\v6-m\nofp\libc_nano.a(libc_a-nano-vfprintf.o)
 .ARM.attributes
                0x0000039c       0x2c C:\Users\jonat\Downloads\arm-gnu-toolchain-15.2.rel1-mingw-w64-x86_64-arm-none-eabi\arm-none-eabi\lib\thumb\v6-m\nofp\libc_nano.a(libc_a-findfp.o)
 .ARM.attributes
                0x000003c8       0x2c C:\Users\jonat\Downloads\arm-gnu-toolchain-15.2.rel1-mingw-w64-x86_64-arm-none-eabi\arm-none-eabi\lib\thumb\v6-m\nofp\libc_nano.a(libc_a-fvwrite.o)
 .ARM.attributes